[backblue.gif]
[fade.gif]
[index.html]
[seantheme.com/color-admin-v3.0/admin/apple/assets/plugins/pace/pace.min.js]
[seantheme.com/color-admin-v3.0/admin/apple/assets/img/user-1.jpg]
[seantheme.com/color-admin-v3.0/admin/apple/assets/img/user-2.jpg]
[seantheme.com/color-admin-v3.0/admin/apple/assets/img/user-13.jpg]
[seantheme.com/color-admin-v3.0/admin/apple/assets/img/bs4-logo.png]
[seantheme.com/color-admin-v3.0/admin/apple/assets/img/gallery/gallery-1.jpg]
[seantheme.com/color-admin-v3.0/admin/apple/assets/img/gallery/gallery-10.jpg]
[seantheme.com/color-admin-v3.0/admin/apple/assets/img/gallery/gallery-7.jpg]
[seantheme.com/color-admin-v3.0/admin/apple/assets/img/gallery/gallery-8.jpg]
[seantheme.com/color-admin-v3.0/admin/apple/assets/img/product/product-1.png]
[seantheme.com/color-admin-v3.0/admin/apple/assets/img/product/product-2.png]
[seantheme.com/color-admin-v3.0/admin/apple/assets/img/product/product-3.png]
[seantheme.com/color-admin-v3.0/admin/apple/assets/img/product/product-4.png]
[seantheme.com/color-admin-v3.0/admin/apple/assets/img/product/product-5.png]
[seantheme.com/color-admin-v3.0/admin/apple/assets/img/user-3.jpg]
[seantheme.com/color-admin-v3.0/admin/apple/assets/img/user-4.jpg]
[seantheme.com/color-admin-v3.0/admin/apple/assets/img/user-5.jpg]
[seantheme.com/color-admin-v3.0/admin/apple/assets/img/user-6.jpg]
[seantheme.com/color-admin-v3.0/admin/apple/assets/img/user-8.jpg]
[seantheme.com/color-admin-v3.0/admin/apple/assets/img/user-7.jpg]
[seantheme.com/color-admin-v3.0/admin/apple/assets/plugins/jquery/jquery-1.9.1.min.js]
[seantheme.com/color-admin-v3.0/admin/apple/assets/plugins/jquery/jquery-migrate-1.1.0.min.js]
[seantheme.com/color-admin-v3.0/admin/apple/assets/plugins/jquery-ui/ui/minified/jquery-ui.min.js]
[seantheme.com/color-admin-v3.0/admin/apple/assets/plugins/bootstrap/js/bootstrap.min.js]
[seantheme.com/color-admin-v3.0/admin/apple/assets/plugins/slimscroll/jquery.slimscroll.min.js]
[seantheme.com/color-admin-v3.0/admin/apple/assets/plugins/jquery-cookie/jquery.cookie.js]
[seantheme.com/color-admin-v3.0/admin/apple/assets/plugins/gritter/js/jquery.gritter.js]
[seantheme.com/color-admin-v3.0/admin/apple/assets/plugins/flot/jquery.flot.min.js]
[seantheme.com/color-admin-v3.0/admin/apple/assets/plugins/flot/jquery.flot.time.min.js]
[seantheme.com/color-admin-v3.0/admin/apple/assets/plugins/flot/jquery.flot.resize.min.js]
[seantheme.com/color-admin-v3.0/admin/apple/assets/plugins/flot/jquery.flot.pie.min.js]
[seantheme.com/color-admin-v3.0/admin/apple/assets/plugins/sparkline/jquery.sparkline.js]
[seantheme.com/color-admin-v3.0/admin/apple/assets/plugins/jquery-jvectormap/jquery-jvectormap.min.js]
[seantheme.com/color-admin-v3.0/admin/apple/assets/plugins/jquery-jvectormap/jquery-jvectormap-world-mill-en.js]
[seantheme.com/color-admin-v3.0/admin/apple/assets/plugins/bootstrap-datepicker/js/bootstrap-datepicker.js]
[seantheme.com/color-admin-v3.0/admin/apple/assets/js/dashboard.min.js]
[seantheme.com/color-admin-v3.0/admin/apple/assets/js/apps.min.js]
[seantheme.com/color-admin-v3.0/admin/apple/index.html]
[www.google-analytics.com/analytics.js]
[seantheme.com/color-admin-v3.0/admin/apple/assets/plugins/bootstrap/fonts/glyphicons-halflings-regular.eot]
[seantheme.com/color-admin-v3.0/admin/apple/assets/plugins/bootstrap/fonts/glyphicons-halflings-regulard41d.eot]
[seantheme.com/color-admin-v3.0/admin/apple/assets/plugins/bootstrap/fonts/glyphicons-halflings-regular.woff2]
[seantheme.com/color-admin-v3.0/admin/apple/assets/plugins/bootstrap/fonts/glyphicons-halflings-regular.woff]
[seantheme.com/color-admin-v3.0/admin/apple/assets/plugins/bootstrap/fonts/glyphicons-halflings-regular.ttf]
[seantheme.com/color-admin-v3.0/admin/apple/assets/plugins/bootstrap/css/bootstrap.min.css]
[seantheme.com/color-admin-v3.0/admin/apple/assets/plugins/font-awesome/fonts/fontawesome-webfont3e6e.eot]
[seantheme.com/color-admin-v3.0/admin/apple/assets/plugins/font-awesome/fonts/fontawesome-webfontd41d.eot]
[seantheme.com/color-admin-v3.0/admin/apple/assets/plugins/font-awesome/fonts/fontawesome-webfont3e6e.woff2]
[seantheme.com/color-admin-v3.0/admin/apple/assets/plugins/font-awesome/fonts/fontawesome-webfont3e6e.woff]
[seantheme.com/color-admin-v3.0/admin/apple/assets/plugins/font-awesome/fonts/fontawesome-webfont3e6e.ttf]
[seantheme.com/color-admin-v3.0/admin/apple/assets/plugins/font-awesome/css/font-awesome.min.css]
[seantheme.com/color-admin-v3.0/admin/apple/assets/plugins/ionicons/fonts/ionicons28b5.eot]
[seantheme.com/color-admin-v3.0/admin/apple/assets/plugins/ionicons/fonts/ionicons28b5.ttf]
[seantheme.com/color-admin-v3.0/admin/apple/assets/plugins/ionicons/fonts/ionicons28b5.woff]
[seantheme.com/color-admin-v3.0/admin/apple/assets/plugins/ionicons/css/ionicons.min.css]
[seantheme.com/color-admin-v3.0/admin/apple/assets/css/animate.min.css]
[seantheme.com/color-admin-v3.0/admin/apple/assets/img/transparent/white-0.2.png]
[seantheme.com/color-admin-v3.0/admin/apple/assets/img/transparent/black-0.4.png]
[seantheme.com/color-admin-v3.0/admin/apple/assets/img/transparent/white-0.1.png]
[seantheme.com/color-admin-v3.0/admin/apple/assets/img/transparent/black-0.9.png]
[seantheme.com/color-admin-v3.0/admin/apple/assets/img/transparent/white-0.98.png]
[seantheme.com/color-admin-v3.0/admin/apple/assets/img/transparent/black-0.2.png]
[seantheme.com/color-admin-v3.0/admin/apple/assets/img/transparent/black-0.6.png]
[seantheme.com/color-admin-v3.0/admin/apple/assets/img/transparent/black-0.8.png]
[seantheme.com/color-admin-v3.0/admin/apple/assets/img/transparent/black-0.1.png]
[seantheme.com/color-admin-v3.0/admin/apple/assets/img/coming-soon.jpg]
[seantheme.com/color-admin-v3.0/admin/apple/assets/img/transparent/black-0.5.png]
[seantheme.com/color-admin-v3.0/admin/apple/assets/img/transparent/black-0.7.png]
[seantheme.com/color-admin-v3.0/admin/apple/assets/img/transparent/black-0.3.png]
[seantheme.com/color-admin-v3.0/admin/apple/assets/img/sidebar_cover.jpg]
[seantheme.com/color-admin-v3.0/admin/apple/assets/img/pattern-cover.png]
[seantheme.com/color-admin-v3.0/admin/apple/assets/css/style.min.css]
[seantheme.com/color-admin-v3.0/admin/apple/assets/css/style-responsive.min.css]
[seantheme.com/color-admin-v3.0/admin/apple/assets/css/theme/default.css]
[seantheme.com/color-admin-v3.0/admin/apple/assets/plugins/jquery-jvectormap/jquery-jvectormap.css]
[seantheme.com/color-admin-v3.0/admin/apple/assets/plugins/bootstrap-datepicker/css/bootstrap-datepicker.css]
[seantheme.com/color-admin-v3.0/admin/apple/assets/plugins/gritter/images/ie-spacer.gif]
[seantheme.com/color-admin-v3.0/admin/apple/assets/plugins/gritter/images/gritter.png]
[seantheme.com/color-admin-v3.0/admin/apple/assets/plugins/gritter/images/gritter-light.png]
[seantheme.com/color-admin-v3.0/admin/apple/assets/plugins/gritter/css/jquery.gritter.css]
[seantheme.com/color-admin-v3.0/admin/apple/index-2.html]
[seantheme.com/color-admin-v3.0/admin/apple/assets/img/user-12.jpg]
[seantheme.com/color-admin-v3.0/admin/apple/assets/img/user-10.jpg]
[seantheme.com/color-admin-v3.0/admin/apple/assets/img/user-14.jpg]
[seantheme.com/color-admin-v3.0/admin/apple/assets/img/user-9.jpg]
[seantheme.com/color-admin-v3.0/admin/apple/assets/plugins/morris/raphael.min.js]
[seantheme.com/color-admin-v3.0/admin/apple/assets/plugins/morris/morris.js]
[seantheme.com/color-admin-v3.0/admin/apple/assets/plugins/jquery-jvectormap/jquery-jvectormap-world-merc-en.js]
[seantheme.com/color-admin-v3.0/admin/apple/assets/plugins/bootstrap-calendar/js/bootstrap_calendar.min.js]
[seantheme.com/color-admin-v3.0/admin/apple/assets/js/dashboard-v2.min.js]
[seantheme.com/color-admin-v3.0/admin/apple/index_v2.html]
[seantheme.com/color-admin-v3.0/admin/apple/assets/js/inbox.demo.min.js]
[seantheme.com/color-admin-v3.0/admin/apple/email_inbox.html]
[seantheme.com/color-admin-v3.0/admin/apple/assets/img/user-11.jpg]
[seantheme.com/color-admin-v3.0/admin/apple/assets/js/email-inbox-v2.demo.min.js]
[seantheme.com/color-admin-v3.0/admin/apple/email_inbox_v2.html]
[seantheme.com/color-admin-v3.0/admin/apple/assets/plugins/jquery-tag-it/js/tag-it.min.js]
[seantheme.com/color-admin-v3.0/admin/apple/assets/plugins/bootstrap-wysihtml5/dist/bootstrap3-wysihtml5.all.min.js]
[seantheme.com/color-admin-v3.0/admin/apple/assets/js/email-compose.demo.min.js]
[seantheme.com/color-admin-v3.0/admin/apple/email_compose.html]
[seantheme.com/color-admin-v3.0/admin/apple/assets/img/login-bg/bg-1.jpg]
[seantheme.com/color-admin-v3.0/admin/apple/email_detail.html]
[seantheme.com/color-admin-v3.0/admin/apple/assets/img/gallery/gallery-12.jpg]
[seantheme.com/color-admin-v3.0/admin/apple/assets/img/gallery/gallery-4.jpg]
[seantheme.com/color-admin-v3.0/admin/apple/assets/img/gallery/gallery-2.jpg]
[seantheme.com/color-admin-v3.0/admin/apple/assets/img/gallery/gallery-6.jpg]
[seantheme.com/color-admin-v3.0/admin/apple/assets/img/gallery/gallery-9.jpg]
[seantheme.com/color-admin-v3.0/admin/apple/assets/img/gallery/gallery-11.jpg]
[seantheme.com/color-admin-v3.0/admin/apple/assets/img/gallery/gallery-13.jpg]
[seantheme.com/color-admin-v3.0/admin/apple/assets/img/gallery/gallery-14.jpg]
[seantheme.com/color-admin-v3.0/admin/apple/bootstrap_4.html]
[seantheme.com/color-admin-v3.0/admin/apple/ui_general.html]
[seantheme.com/color-admin-v3.0/admin/apple/ui_typography.html]
[seantheme.com/color-admin-v3.0/admin/apple/ui_tabs_accordions.html]
[seantheme.com/color-admin-v3.0/admin/apple/ui_unlimited_tabs.html]
[seantheme.com/color-admin-v3.0/admin/apple/assets/plugins/bootstrap-sweetalert/sweetalert.min.js]
[seantheme.com/color-admin-v3.0/admin/apple/assets/js/ui-modal-notification.demo.min.js]
[seantheme.com/color-admin-v3.0/admin/apple/ui_modal_notification.html]
[seantheme.com/color-admin-v3.0/admin/apple/ui_widget_boxes.html]
[seantheme.com/color-admin-v3.0/admin/apple/assets/img/gallery/gallery-3.jpg]
[seantheme.com/color-admin-v3.0/admin/apple/ui_media_object.html]
[seantheme.com/color-admin-v3.0/admin/apple/ui_buttons.html]
[seantheme.com/color-admin-v3.0/admin/apple/ui_icons.html]
[seantheme.com/color-admin-v3.0/admin/apple/ui_simple_line_icons.html]
[seantheme.com/color-admin-v3.0/admin/apple/ui_ionicons.html]
[seantheme.com/color-admin-v3.0/admin/apple/assets/plugins/jstree/dist/jstree.min.js]
[seantheme.com/color-admin-v3.0/admin/apple/assets/js/ui-tree.demo.min.js]
[seantheme.com/color-admin-v3.0/admin/apple/ui_tree.html]
[seantheme.com/color-admin-v3.0/admin/apple/ui_language_bar_icon.html]
[seantheme.com/color-admin-v3.0/admin/apple/ui_social_buttons.html]
[seantheme.com/color-admin-v3.0/admin/apple/assets/plugins/intro-js/intro.js]
[seantheme.com/color-admin-v3.0/admin/apple/ui_tour.html]
[seantheme.com/color-admin-v3.0/admin/apple/form_elements.html]
[seantheme.com/color-admin-v3.0/admin/apple/assets/plugins/ionRangeSlider/js/ion-rangeSlider/ion.rangeSlider.min.js]
[seantheme.com/color-admin-v3.0/admin/apple/assets/plugins/bootstrap-colorpicker/js/bootstrap-colorpicker.min.js]
[seantheme.com/color-admin-v3.0/admin/apple/assets/plugins/masked-input/masked-input.min.js]
[seantheme.com/color-admin-v3.0/admin/apple/assets/plugins/bootstrap-timepicker/js/bootstrap-timepicker.min.js]
[seantheme.com/color-admin-v3.0/admin/apple/assets/plugins/password-indicator/js/password-indicator.js]
[seantheme.com/color-admin-v3.0/admin/apple/assets/plugins/bootstrap-combobox/js/bootstrap-combobox.js]
[seantheme.com/color-admin-v3.0/admin/apple/assets/plugins/bootstrap-select/bootstrap-select.min.js]
[seantheme.com/color-admin-v3.0/admin/apple/assets/plugins/bootstrap-tagsinput/bootstrap-tagsinput.min.js]
[seantheme.com/color-admin-v3.0/admin/apple/assets/plugins/bootstrap-tagsinput/bootstrap-tagsinput-typeahead.js]
[seantheme.com/color-admin-v3.0/admin/apple/assets/plugins/bootstrap-daterangepicker/moment.js]
[seantheme.com/color-admin-v3.0/admin/apple/assets/plugins/bootstrap-daterangepicker/daterangepicker.js]
[seantheme.com/color-admin-v3.0/admin/apple/assets/plugins/select2/dist/js/select2.min.js]
[seantheme.com/color-admin-v3.0/admin/apple/assets/plugins/bootstrap-eonasdan-datetimepicker/build/js/bootstrap-datetimepicker.min.js]
[seantheme.com/color-admin-v3.0/admin/apple/assets/plugins/bootstrap-show-password/bootstrap-show-password.js]
[seantheme.com/color-admin-v3.0/admin/apple/assets/plugins/bootstrap-colorpalette/js/bootstrap-colorpalette.js]
[seantheme.com/color-admin-v3.0/admin/apple/assets/plugins/jquery-simplecolorpicker/jquery.simplecolorpicker.js]
[seantheme.com/color-admin-v3.0/admin/apple/assets/plugins/clipboard/clipboard.min.js]
[seantheme.com/color-admin-v3.0/admin/apple/assets/js/form-plugins.demo.min.js]
[seantheme.com/color-admin-v3.0/admin/apple/form_plugins.html]
[seantheme.com/color-admin-v3.0/admin/apple/assets/plugins/switchery/switchery.min.js]
[seantheme.com/color-admin-v3.0/admin/apple/assets/plugins/powerange/powerange.min.js]
[seantheme.com/color-admin-v3.0/admin/apple/assets/js/form-slider-switcher.demo.min.js]
[seantheme.com/color-admin-v3.0/admin/apple/form_slider_switcher.html]
[seantheme.com/color-admin-v3.0/admin/apple/assets/plugins/parsley/dist/parsley.js]
[seantheme.com/color-admin-v3.0/admin/apple/form_validation.html]
[seantheme.com/color-admin-v3.0/admin/apple/assets/plugins/bootstrap-wizard/js/bwizard.js]
[seantheme.com/color-admin-v3.0/admin/apple/assets/js/form-wizards.demo.min.js]
[seantheme.com/color-admin-v3.0/admin/apple/form_wizards.html]
[seantheme.com/color-admin-v3.0/admin/apple/assets/js/form-wizards-validation.demo.min.js]
[seantheme.com/color-admin-v3.0/admin/apple/form_wizards_validation.html]
[seantheme.com/color-admin-v3.0/admin/apple/assets/plugins/ckeditor/ckeditor.js]
[seantheme.com/color-admin-v3.0/admin/apple/assets/js/form-wysiwyg.demo.min.js]
[seantheme.com/color-admin-v3.0/admin/apple/form_wysiwyg.html]
[seantheme.com/color-admin-v3.0/admin/apple/assets/plugins/bootstrap3-editable/js/bootstrap-editable.min.js]
[seantheme.com/color-admin-v3.0/admin/apple/assets/plugins/bootstrap3-editable/inputs-ext/address/address.js]
[seantheme.com/color-admin-v3.0/admin/apple/assets/plugins/bootstrap3-editable/inputs-ext/typeaheadjs/lib/typeahead.js]
[seantheme.com/color-admin-v3.0/admin/apple/assets/plugins/bootstrap3-editable/inputs-ext/typeaheadjs/typeaheadjs.js]
[seantheme.com/color-admin-v3.0/admin/apple/assets/plugins/bootstrap3-editable/inputs-ext/bootstrap-wysihtml5/wysihtml5.js]
[seantheme.com/color-admin-v3.0/admin/apple/assets/plugins/bootstrap3-editable/inputs-ext/bootstrap-wysihtml5/lib/js/wysihtml5-0.3.0.js]
[seantheme.com/color-admin-v3.0/admin/apple/assets/plugins/bootstrap3-editable/inputs-ext/bootstrap-wysihtml5/src/bootstrap-wysihtml5.js]
[seantheme.com/color-admin-v3.0/admin/apple/assets/plugins/bootstrap3-editable/inputs-ext/bootstrap-datepicker/js/bootstrap-datepicker.js]
[seantheme.com/color-admin-v3.0/admin/apple/assets/plugins/bootstrap3-editable/inputs-ext/bootstrap-datetimepicker/js/bootstrap-datetimepicker.min.js]
[seantheme.com/color-admin-v3.0/admin/apple/assets/plugins/bootstrap3-editable/inputs-ext/select2/select2.min.js]
[seantheme.com/color-admin-v3.0/admin/apple/assets/plugins/mockjax/jquery.mockjax.js]
[seantheme.com/color-admin-v3.0/admin/apple/assets/plugins/moment/moment.min.js]
[seantheme.com/color-admin-v3.0/admin/apple/assets/js/form-editable.demo.min.js]
[seantheme.com/color-admin-v3.0/admin/apple/form_editable.html]
[seantheme.com/color-admin-v3.0/admin/apple/assets/plugins/jquery-file-upload/js/vendor/jquery.ui.widget.js]
[seantheme.com/color-admin-v3.0/admin/apple/assets/plugins/jquery-file-upload/js/vendor/tmpl.min.js]
[seantheme.com/color-admin-v3.0/admin/apple/assets/plugins/jquery-file-upload/js/vendor/load-image.min.js]
[seantheme.com/color-admin-v3.0/admin/apple/assets/plugins/jquery-file-upload/js/vendor/canvas-to-blob.min.js]
[seantheme.com/color-admin-v3.0/admin/apple/assets/plugins/jquery-file-upload/blueimp-gallery/jquery.blueimp-gallery.min.js]
[seantheme.com/color-admin-v3.0/admin/apple/assets/plugins/jquery-file-upload/js/jquery.iframe-transport.js]
[seantheme.com/color-admin-v3.0/admin/apple/assets/plugins/jquery-file-upload/js/jquery.fileupload.js]
[seantheme.com/color-admin-v3.0/admin/apple/assets/plugins/jquery-file-upload/js/jquery.fileupload-process.js]
[seantheme.com/color-admin-v3.0/admin/apple/assets/plugins/jquery-file-upload/js/jquery.fileupload-image.js]
[seantheme.com/color-admin-v3.0/admin/apple/assets/plugins/jquery-file-upload/js/jquery.fileupload-audio.js]
[seantheme.com/color-admin-v3.0/admin/apple/assets/plugins/jquery-file-upload/js/jquery.fileupload-video.js]
[seantheme.com/color-admin-v3.0/admin/apple/assets/plugins/jquery-file-upload/js/jquery.fileupload-validate.js]
[seantheme.com/color-admin-v3.0/admin/apple/assets/plugins/jquery-file-upload/js/jquery.fileupload-ui.js]
[seantheme.com/color-admin-v3.0/admin/apple/assets/js/form-multiple-upload.demo.min.js]
[seantheme.com/color-admin-v3.0/admin/apple/form_multiple_upload.html]
[seantheme.com/color-admin-v3.0/admin/apple/assets/plugins/summernote/summernote.min.js]
[seantheme.com/color-admin-v3.0/admin/apple/assets/js/form-summernote.demo.min.js]
[seantheme.com/color-admin-v3.0/admin/apple/form_summernote.html]
[seantheme.com/color-admin-v3.0/admin/apple/assets/plugins/dropzone/min/dropzone.min.js]
[seantheme.com/color-admin-v3.0/admin/apple/form_dropzone.html]
[seantheme.com/color-admin-v3.0/admin/apple/table_basic.html]
[seantheme.com/color-admin-v3.0/admin/apple/assets/plugins/DataTables/media/js/jquery.dataTables.js]
[seantheme.com/color-admin-v3.0/admin/apple/assets/plugins/DataTables/media/js/dataTables.bootstrap.min.js]
[seantheme.com/color-admin-v3.0/admin/apple/assets/plugins/DataTables/extensions/Responsive/js/dataTables.responsive.min.js]
[seantheme.com/color-admin-v3.0/admin/apple/assets/js/table-manage-default.demo.min.js]
[seantheme.com/color-admin-v3.0/admin/apple/table_manage.html]
[seantheme.com/color-admin-v3.0/admin/apple/assets/plugins/DataTables/extensions/AutoFill/js/dataTables.autoFill.min.js]
[seantheme.com/color-admin-v3.0/admin/apple/assets/plugins/DataTables/extensions/AutoFill/js/autoFill.bootstrap.min.js]
[seantheme.com/color-admin-v3.0/admin/apple/assets/js/table-manage-autofill.demo.js]
[seantheme.com/color-admin-v3.0/admin/apple/table_manage_autofill.html]
[seantheme.com/color-admin-v3.0/admin/apple/assets/plugins/DataTables/extensions/Buttons/js/dataTables.buttons.min.js]
[seantheme.com/color-admin-v3.0/admin/apple/assets/plugins/DataTables/extensions/Buttons/js/buttons.bootstrap.min.js]
[seantheme.com/color-admin-v3.0/admin/apple/assets/plugins/DataTables/extensions/Buttons/js/buttons.flash.min.js]
[seantheme.com/color-admin-v3.0/admin/apple/assets/plugins/DataTables/extensions/Buttons/js/jszip.min.js]
[seantheme.com/color-admin-v3.0/admin/apple/assets/plugins/DataTables/extensions/Buttons/js/pdfmake.min.js]
[seantheme.com/color-admin-v3.0/admin/apple/assets/plugins/DataTables/extensions/Buttons/js/vfs_fonts.min.js]
[seantheme.com/color-admin-v3.0/admin/apple/assets/plugins/DataTables/extensions/Buttons/js/buttons.html5.min.js]
[seantheme.com/color-admin-v3.0/admin/apple/assets/plugins/DataTables/extensions/Buttons/js/buttons.print.min.js]
[seantheme.com/color-admin-v3.0/admin/apple/assets/js/table-manage-buttons.demo.min.js]
[seantheme.com/color-admin-v3.0/admin/apple/table_manage_buttons.html]
[seantheme.com/color-admin-v3.0/admin/apple/assets/plugins/DataTables/extensions/ColReorder/js/dataTables.colReorder.min.js]
[seantheme.com/color-admin-v3.0/admin/apple/assets/js/table-manage-colreorder.demo.min.js]
[seantheme.com/color-admin-v3.0/admin/apple/table_manage_colreorder.html]
[seantheme.com/color-admin-v3.0/admin/apple/assets/plugins/DataTables/extensions/FixedColumns/js/dataTables.fixedColumns.min.js]
[seantheme.com/color-admin-v3.0/admin/apple/assets/js/table-manage-fixed-columns.demo.min.js]
[seantheme.com/color-admin-v3.0/admin/apple/table_manage_fixed_columns.html]
[seantheme.com/color-admin-v3.0/admin/apple/assets/plugins/DataTables/extensions/FixedHeader/js/dataTables.fixedHeader.min.js]
[seantheme.com/color-admin-v3.0/admin/apple/assets/js/table-manage-fixed-header.demo.min.js]
[seantheme.com/color-admin-v3.0/admin/apple/table_manage_fixed_header.html]
[seantheme.com/color-admin-v3.0/admin/apple/assets/plugins/DataTables/extensions/KeyTable/js/dataTables.keyTable.min.js]
[seantheme.com/color-admin-v3.0/admin/apple/assets/js/table-manage-keytable.demo.min.js]
[seantheme.com/color-admin-v3.0/admin/apple/table_manage_keytable.html]
[seantheme.com/color-admin-v3.0/admin/apple/assets/js/table-manage-responsive.demo.min.js]
[seantheme.com/color-admin-v3.0/admin/apple/table_manage_responsive.html]
[seantheme.com/color-admin-v3.0/admin/apple/assets/plugins/DataTables/extensions/RowReorder/js/dataTables.rowReorder.min.js]
[seantheme.com/color-admin-v3.0/admin/apple/assets/js/table-manage-rowreorder.demo.min.js]
[seantheme.com/color-admin-v3.0/admin/apple/table_manage_rowreorder.html]
[seantheme.com/color-admin-v3.0/admin/apple/assets/plugins/DataTables/extensions/Scroller/js/dataTables.scroller.min.js]
[seantheme.com/color-admin-v3.0/admin/apple/assets/js/table-manage-scroller.demo.min.js]
[seantheme.com/color-admin-v3.0/admin/apple/table_manage_scroller.html]
[seantheme.com/color-admin-v3.0/admin/apple/assets/plugins/DataTables/extensions/Select/js/dataTables.select.min.js]
[seantheme.com/color-admin-v3.0/admin/apple/assets/js/table-manage-select.demo.min.js]
[seantheme.com/color-admin-v3.0/admin/apple/table_manage_select.html]
[seantheme.com/color-admin-v3.0/admin/apple/assets/js/table-manage-combine.demo.min.js]
[seantheme.com/color-admin-v3.0/admin/apple/table_manage_combine.html]
[seantheme.com/color-admin-v3.0/admin/apple/assets/plugins/flot/jquery.flot.stack.min.js]
[seantheme.com/color-admin-v3.0/admin/apple/assets/plugins/flot/jquery.flot.crosshair.min.js]
[seantheme.com/color-admin-v3.0/admin/apple/assets/plugins/flot/jquery.flot.categories.js]
[seantheme.com/color-admin-v3.0/admin/apple/assets/js/chart-flot.demo.min.js]
[seantheme.com/color-admin-v3.0/admin/apple/chart-flot.html]
[seantheme.com/color-admin-v3.0/admin/apple/assets/js/chart-morris.demo.min.js]
[seantheme.com/color-admin-v3.0/admin/apple/chart-morris.html]
[seantheme.com/color-admin-v3.0/admin/apple/assets/plugins/chart-js/Chart.min.js]
[seantheme.com/color-admin-v3.0/admin/apple/assets/js/chart-js.demo.min.js]
[seantheme.com/color-admin-v3.0/admin/apple/chart-js.html]
[cdnjs.cloudflare.com/ajax/libs/d3/3.5.2/d3.min.js]
[seantheme.com/color-admin-v3.0/admin/apple/assets/plugins/nvd3/build/nv.d3.js]
[seantheme.com/color-admin-v3.0/admin/apple/assets/js/chart-d3.demo.min.js]
[seantheme.com/color-admin-v3.0/admin/apple/chart-d3.html]
[seantheme.com/color-admin-v3.0/admin/apple/assets/img/logo.png]
[seantheme.com/color-admin-v3.0/admin/apple/assets/img/product/product-preview.jpg]
[seantheme.com/color-admin-v3.0/admin/apple/email_system.html]
[seantheme.com/color-admin-v3.0/admin/apple/assets/img/product/product-preview-iphone.png]
[seantheme.com/color-admin-v3.0/admin/apple/assets/img/product/product-preview-sm.jpg]
[seantheme.com/color-admin-v3.0/admin/apple/email_newsletter.html]
[seantheme.com/color-admin-v3.0/admin/apple/assets/plugins/fullcalendar/lib/moment.min.js]
[seantheme.com/color-admin-v3.0/admin/apple/assets/plugins/fullcalendar/fullcalendar.min.js]
[seantheme.com/color-admin-v3.0/admin/apple/assets/js/calendar.demo.min.js]
[seantheme.com/color-admin-v3.0/admin/apple/calendar.html]
[seantheme.com/color-admin-v3.0/admin/apple/assets/js/map-vector.demo.min.js]
[seantheme.com/color-admin-v3.0/admin/apple/map_vector.html]
[seantheme.com/color-admin-v3.0/admin/apple/assets/js/map-google.demo.min.js]
[seantheme.com/color-admin-v3.0/admin/apple/map_google.html]
[seantheme.com/color-admin-v3.0/admin/apple/assets/img/gallery/gallery-5.jpg]
[seantheme.com/color-admin-v3.0/admin/apple/assets/plugins/isotope/jquery.isotope.min.js]
[seantheme.com/color-admin-v3.0/admin/apple/assets/plugins/lightbox/js/lightbox.min.js]
[seantheme.com/color-admin-v3.0/admin/apple/assets/js/gallery.demo.min.js]
[seantheme.com/color-admin-v3.0/admin/apple/gallery.html]
[seantheme.com/color-admin-v3.0/admin/apple/assets/plugins/superbox/img/superbox/superbox-thumb-1.jpg]
[seantheme.com/color-admin-v3.0/admin/apple/assets/plugins/superbox/img/superbox/superbox-thumb-2.jpg]
[seantheme.com/color-admin-v3.0/admin/apple/assets/plugins/superbox/img/superbox/superbox-thumb-3.jpg]
[seantheme.com/color-admin-v3.0/admin/apple/assets/plugins/superbox/img/superbox/superbox-thumb-4.jpg]
[seantheme.com/color-admin-v3.0/admin/apple/assets/plugins/superbox/img/superbox/superbox-thumb-5.jpg]
[seantheme.com/color-admin-v3.0/admin/apple/assets/plugins/superbox/img/superbox/superbox-thumb-6.jpg]
[seantheme.com/color-admin-v3.0/admin/apple/assets/plugins/superbox/img/superbox/superbox-thumb-7.jpg]
[seantheme.com/color-admin-v3.0/admin/apple/assets/plugins/superbox/img/superbox/superbox-thumb-8.jpg]
[seantheme.com/color-admin-v3.0/admin/apple/assets/plugins/superbox/img/superbox/superbox-thumb-9.jpg]
[seantheme.com/color-admin-v3.0/admin/apple/assets/plugins/superbox/img/superbox/superbox-thumb-10.jpg]
[seantheme.com/color-admin-v3.0/admin/apple/assets/plugins/superbox/img/superbox/superbox-thumb-11.jpg]
[seantheme.com/color-admin-v3.0/admin/apple/assets/plugins/superbox/img/superbox/superbox-thumb-12.jpg]
[seantheme.com/color-admin-v3.0/admin/apple/assets/plugins/superbox/img/superbox/superbox-thumb-13.jpg]
[seantheme.com/color-admin-v3.0/admin/apple/assets/plugins/superbox/img/superbox/superbox-thumb-14.jpg]
[seantheme.com/color-admin-v3.0/admin/apple/assets/plugins/superbox/img/superbox/superbox-thumb-15.jpg]
[seantheme.com/color-admin-v3.0/admin/apple/assets/plugins/superbox/img/superbox/superbox-thumb-16.jpg]
[seantheme.com/color-admin-v3.0/admin/apple/assets/plugins/superbox/img/superbox/superbox-thumb-17.jpg]
[seantheme.com/color-admin-v3.0/admin/apple/assets/plugins/superbox/img/superbox/superbox-thumb-18.jpg]
[seantheme.com/color-admin-v3.0/admin/apple/assets/plugins/superbox/img/superbox/superbox-thumb-19.jpg]
[seantheme.com/color-admin-v3.0/admin/apple/assets/plugins/superbox/img/superbox/superbox-thumb-20.jpg]
[seantheme.com/color-admin-v3.0/admin/apple/assets/plugins/superbox/img/superbox/superbox-thumb-21.jpg]
[seantheme.com/color-admin-v3.0/admin/apple/assets/plugins/superbox/img/superbox/superbox-thumb-22.jpg]
[seantheme.com/color-admin-v3.0/admin/apple/assets/plugins/superbox/img/superbox/superbox-thumb-23.jpg]
[seantheme.com/color-admin-v3.0/admin/apple/assets/plugins/superbox/img/superbox/superbox-thumb-24.jpg]
[seantheme.com/color-admin-v3.0/admin/apple/assets/plugins/superbox/js/superbox.js]
[seantheme.com/color-admin-v3.0/admin/apple/assets/js/gallery-v2.demo.min.js]
[seantheme.com/color-admin-v3.0/admin/apple/gallery_v2.html]
[seantheme.com/color-admin-v3.0/admin/apple/page_blank.html]
[seantheme.com/color-admin-v3.0/admin/apple/page_with_footer.html]
[seantheme.com/color-admin-v3.0/admin/apple/page_without_sidebar.html]
[seantheme.com/color-admin-v3.0/admin/apple/page_with_right_sidebar.html]
[seantheme.com/color-admin-v3.0/admin/apple/page_with_minified_sidebar.html]
[seantheme.com/color-admin-v3.0/admin/apple/assets/plugins/jquery-knob/js/jquery.knob.js]
[seantheme.com/color-admin-v3.0/admin/apple/assets/js/page-with-two-sidebar.demo.min.js]
[seantheme.com/color-admin-v3.0/admin/apple/page_with_two_sidebar.html]
[seantheme.com/color-admin-v3.0/admin/apple/page_with_line_icons.html]
[seantheme.com/color-admin-v3.0/admin/apple/page_with_ionicons.html]
[seantheme.com/color-admin-v3.0/admin/apple/page_full_height.html]
[seantheme.com/color-admin-v3.0/admin/apple/page_with_wide_sidebar.html]
[seantheme.com/color-admin-v3.0/admin/apple/page_with_light_sidebar.html]
[seantheme.com/color-admin-v3.0/admin/apple/page_with_mega_menu.html]
[seantheme.com/color-admin-v3.0/admin/apple/page_with_top_menu.html]
[seantheme.com/color-admin-v3.0/admin/apple/page_with_boxed_layout.html]
[seantheme.com/color-admin-v3.0/admin/apple/page_with_mixed_menu.html]
[seantheme.com/color-admin-v3.0/admin/apple/page_boxed_layout_with_mixed_menu.html]
[seantheme.com/color-admin-v3.0/admin/apple/page_with_transparent_sidebar.html]
[seantheme.com/color-admin-v3.0/admin/apple/assets/js/timeline.demo.min.js]
[seantheme.com/color-admin-v3.0/admin/apple/extra_timeline.html]
[seantheme.com/color-admin-v3.0/admin/apple/assets/plugins/jquery.countdown/jquery.plugin.js]
[seantheme.com/color-admin-v3.0/admin/apple/assets/plugins/jquery.countdown/jquery.countdown.js]
[seantheme.com/color-admin-v3.0/admin/apple/assets/js/coming-soon.demo.min.js]
[seantheme.com/color-admin-v3.0/admin/apple/extra_coming_soon.html]
[seantheme.com/color-admin-v3.0/admin/apple/extra_search_results.html]
[seantheme.com/color-admin-v3.0/admin/apple/extra_invoice.html]
[seantheme.com/color-admin-v3.0/admin/apple/extra_404_error.html]
[seantheme.com/color-admin-v3.0/admin/apple/assets/img/profile-cover.jpg]
[seantheme.com/color-admin-v3.0/admin/apple/extra_profile.html]
[seantheme.com/color-admin-v3.0/admin/apple/login.html]
[seantheme.com/color-admin-v3.0/admin/apple/assets/img/login-bg/bg-2.jpg]
[seantheme.com/color-admin-v3.0/admin/apple/assets/img/login-bg/bg-3.jpg]
[seantheme.com/color-admin-v3.0/admin/apple/assets/img/login-bg/bg-4.jpg]
[seantheme.com/color-admin-v3.0/admin/apple/assets/img/login-bg/bg-5.jpg]
[seantheme.com/color-admin-v3.0/admin/apple/assets/img/login-bg/bg-6.jpg]
[seantheme.com/color-admin-v3.0/admin/apple/assets/js/login-v2.demo.min.js]
[seantheme.com/color-admin-v3.0/admin/apple/login_v2.html]
[seantheme.com/color-admin-v3.0/admin/apple/login_v3.html]
[seantheme.com/color-admin-v3.0/admin/apple/assets/img/login-bg/bg-7.jpg]
[seantheme.com/color-admin-v3.0/admin/apple/register_v3.html]
[seantheme.com/color-admin-v3.0/admin/apple/helper_css.html]
[seantheme.com/color-admin-v3.0/admin/apple/assets/plugins/bootstrap/fonts/glyphicons-halflings-regular.svg]
[seantheme.com/color-admin-v3.0/admin/apple/assets/plugins/font-awesome/fonts/fontawesome-webfont3e6e.svg]
[seantheme.com/color-admin-v3.0/admin/apple/assets/plugins/ionicons/fonts/ionicons28b5.svg]
[seantheme.com/color-admin-v3.0/admin/apple/assets/css/assets/plugins/superbox/img/close.html]
[seantheme.com/color-admin-v3.0/admin/apple/assets/plugins/jquery-ui/themes/base/minified/jquery-ui.min.css]
[seantheme.com/color-admin-v3.0/admin/apple/assets/plugins/bootstrap-calendar/css/bootstrap_calendar.css]
[seantheme.com/color-admin-v3.0/admin/apple/assets/plugins/morris/morris.css]
[seantheme.com/color-admin-v3.0/admin/apple/assets/plugins/jquery-tag-it/css/jquery.tagit.css]
[seantheme.com/color-admin-v3.0/admin/apple/assets/plugins/bootstrap-wysihtml5/src/bootstrap3-wysihtml5.css]
[seantheme.com/color-admin-v3.0/admin/apple/inbox_v2.html]
[seantheme.com/color-admin-v3.0/admin/apple/assets/plugins/bootstrap-sweetalert/sweetalert.css]
[seantheme.com/color-admin-v3.0/admin/apple/assets/plugins/simple-line-icons/fonts/Simple-Line-Icons06c8.eot]
[seantheme.com/color-admin-v3.0/admin/apple/assets/plugins/simple-line-icons/fonts/Simple-Line-Icons06c8.woff2]
[seantheme.com/color-admin-v3.0/admin/apple/assets/plugins/simple-line-icons/fonts/Simple-Line-Icons06c8.ttf]
[seantheme.com/color-admin-v3.0/admin/apple/assets/plugins/simple-line-icons/fonts/Simple-Line-Icons06c8.woff]
[seantheme.com/color-admin-v3.0/admin/apple/assets/plugins/simple-line-icons/css/simple-line-icons.css]
[seantheme.com/color-admin-v3.0/admin/apple/assets/plugins/jstree/dist/themes/default/style.min.css]
[seantheme.com/color-admin-v3.0/admin/apple/assets/plugins/flag-icon/css/flag-icon.css]
[seantheme.com/color-admin-v3.0/admin/apple/assets/plugins/bootstrap-social/bootstrap-social.css]
[seantheme.com/color-admin-v3.0/admin/apple/assets/plugins/intro-js/introjs.css]
[seantheme.com/color-admin-v3.0/admin/apple/assets/plugins/bootstrap-datepicker/css/bootstrap-datepicker3.css]
[seantheme.com/color-admin-v3.0/admin/apple/assets/plugins/ionRangeSlider/css/ion.rangeSlider.css]
[seantheme.com/color-admin-v3.0/admin/apple/assets/plugins/ionRangeSlider/img/sprite-skin-nice.png]
[seantheme.com/color-admin-v3.0/admin/apple/assets/plugins/ionRangeSlider/css/ion.rangeSlider.skinNice.css]
[seantheme.com/color-admin-v3.0/admin/apple/assets/plugins/bootstrap-colorpicker/img/bootstrap-colorpicker/saturation.png]
[seantheme.com/color-admin-v3.0/admin/apple/assets/plugins/bootstrap-colorpicker/img/bootstrap-colorpicker/hue.png]
[seantheme.com/color-admin-v3.0/admin/apple/assets/plugins/bootstrap-colorpicker/img/bootstrap-colorpicker/alpha.png]
[seantheme.com/color-admin-v3.0/admin/apple/assets/plugins/bootstrap-colorpicker/img/bootstrap-colorpicker/hue-horizontal.png]
[seantheme.com/color-admin-v3.0/admin/apple/assets/plugins/bootstrap-colorpicker/img/bootstrap-colorpicker/alpha-horizontal.png]
[seantheme.com/color-admin-v3.0/admin/apple/assets/plugins/bootstrap-colorpicker/css/bootstrap-colorpicker.min.css]
[seantheme.com/color-admin-v3.0/admin/apple/assets/plugins/bootstrap-timepicker/css/bootstrap-timepicker.min.css]
[seantheme.com/color-admin-v3.0/admin/apple/assets/plugins/password-indicator/img/progressImg1.png]
[seantheme.com/color-admin-v3.0/admin/apple/assets/plugins/password-indicator/css/password-indicator.css]
[seantheme.com/color-admin-v3.0/admin/apple/assets/plugins/bootstrap-combobox/css/bootstrap-combobox.css]
[seantheme.com/color-admin-v3.0/admin/apple/assets/plugins/bootstrap-select/bootstrap-select.min.css]
[seantheme.com/color-admin-v3.0/admin/apple/assets/plugins/bootstrap-tagsinput/bootstrap-tagsinput.css]
[seantheme.com/color-admin-v3.0/admin/apple/assets/plugins/bootstrap-daterangepicker/daterangepicker.css]
[seantheme.com/color-admin-v3.0/admin/apple/assets/plugins/select2/dist/css/select2.min.css]
[seantheme.com/color-admin-v3.0/admin/apple/assets/plugins/bootstrap-eonasdan-datetimepicker/build/css/bootstrap-datetimepicker.min.css]
[seantheme.com/color-admin-v3.0/admin/apple/assets/plugins/bootstrap-colorpalette/css/bootstrap-colorpalette.css]
[seantheme.com/color-admin-v3.0/admin/apple/assets/plugins/jquery-simplecolorpicker/jquery.simplecolorpicker.css]
[seantheme.com/color-admin-v3.0/admin/apple/assets/plugins/jquery-simplecolorpicker/jquery.simplecolorpicker-fontawesome.css]
[seantheme.com/color-admin-v3.0/admin/apple/assets/plugins/jquery-simplecolorpicker/jquery.simplecolorpicker-glyphicons.css]
[seantheme.com/color-admin-v3.0/admin/apple/assets/plugins/switchery/switchery.min.css]
[seantheme.com/color-admin-v3.0/admin/apple/assets/plugins/powerange/powerange.min.css]
[seantheme.com/color-admin-v3.0/admin/apple/assets/plugins/parsley/src/parsley.css]
[seantheme.com/color-admin-v3.0/admin/apple/assets/plugins/bootstrap-wizard/css/bwizard.min.css]
[seantheme.com/color-admin-v3.0/admin/apple/assets/plugins/bootstrap-wysihtml5/dist/bootstrap3-wysihtml5.min.css]
[seantheme.com/color-admin-v3.0/admin/apple/assets/plugins/bootstrap3-editable/img/loading.gif]
[seantheme.com/color-admin-v3.0/admin/apple/assets/plugins/bootstrap3-editable/img/clear.png]
[seantheme.com/color-admin-v3.0/admin/apple/assets/plugins/bootstrap3-editable/css/bootstrap-editable.css]
[seantheme.com/color-admin-v3.0/admin/apple/assets/plugins/bootstrap3-editable/inputs-ext/address/address.css]
[seantheme.com/color-admin-v3.0/admin/apple/assets/plugins/bootstrap3-editable/inputs-ext/typeaheadjs/lib/typeahead.css]
[seantheme.com/color-admin-v3.0/admin/apple/assets/plugins/bootstrap3-editable/inputs-ext/bootstrap-datepicker/css/datepicker.css]
[seantheme.com/color-admin-v3.0/admin/apple/assets/plugins/bootstrap3-editable/inputs-ext/bootstrap-datepicker/css/datepicker3.css]
[seantheme.com/color-admin-v3.0/admin/apple/assets/plugins/bootstrap3-editable/inputs-ext/bootstrap-datetimepicker/css/datetimepicker.css]
[seantheme.com/color-admin-v3.0/admin/apple/assets/plugins/bootstrap3-editable/inputs-ext/select2/select2.png]
[seantheme.com/color-admin-v3.0/admin/apple/assets/plugins/bootstrap3-editable/inputs-ext/select2/select2-spinner.gif]
[seantheme.com/color-admin-v3.0/admin/apple/assets/plugins/bootstrap3-editable/inputs-ext/select2/select2x2.png]
[seantheme.com/color-admin-v3.0/admin/apple/assets/plugins/bootstrap3-editable/inputs-ext/select2/select2.css]
[seantheme.com/color-admin-v3.0/admin/apple/assets/plugins/bootstrap3-editable/inputs-ext/bootstrap-wysihtml5/src/bootstrap-wysihtml5.css]
[seantheme.com/color-admin-v3.0/admin/apple/form_editable3366.html]
[seantheme.com/color-admin-v3.0/admin/apple/assets/plugins/jquery-file-upload/img/loading.gif]
[seantheme.com/color-admin-v3.0/admin/apple/assets/plugins/jquery-file-upload/blueimp-gallery/blueimp-gallery.min.css]
[seantheme.com/color-admin-v3.0/admin/apple/assets/plugins/jquery-file-upload/css/jquery.fileupload.css]
[seantheme.com/color-admin-v3.0/admin/apple/assets/plugins/jquery-file-upload/img/progressbar.gif]
[seantheme.com/color-admin-v3.0/admin/apple/assets/plugins/jquery-file-upload/css/jquery.fileupload-ui.css]
[seantheme.com/color-admin-v3.0/admin/apple/assets/plugins/summernote/font/summernotef534.eot]
[seantheme.com/color-admin-v3.0/admin/apple/assets/plugins/summernote/font/summernoted41d.eot]
[seantheme.com/color-admin-v3.0/admin/apple/assets/plugins/summernote/font/summernotef534.woff]
[seantheme.com/color-admin-v3.0/admin/apple/assets/plugins/summernote/font/summernotef534.ttf]
[seantheme.com/color-admin-v3.0/admin/apple/assets/plugins/summernote/summernote.css]
[seantheme.com/color-admin-v3.0/admin/apple/assets/plugins/dropzone/min/dropzone.min.css]
[seantheme.com/color-admin-v3.0/admin/apple/assets/plugins/DataTables/media/css/dataTables.bootstrap.min.css]
[seantheme.com/color-admin-v3.0/admin/apple/assets/plugins/DataTables/extensions/Responsive/css/responsive.bootstrap.min.css]
[seantheme.com/color-admin-v3.0/admin/apple/assets/plugins/DataTables/extensions/AutoFill/css/autoFill.bootstrap.min.css]
[seantheme.com/color-admin-v3.0/admin/apple/assets/plugins/DataTables/extensions/Buttons/css/buttons.bootstrap.min.css]
[seantheme.com/color-admin-v3.0/admin/apple/assets/plugins/DataTables/extensions/ColReorder/css/colReorder.bootstrap.min.css]
[seantheme.com/color-admin-v3.0/admin/apple/assets/plugins/DataTables/extensions/FixedColumns/css/fixedColumns.bootstrap.min.css]
[seantheme.com/color-admin-v3.0/admin/apple/assets/plugins/DataTables/extensions/FixedHeader/css/fixedHeader.bootstrap.min.css]
[seantheme.com/color-admin-v3.0/admin/apple/assets/plugins/DataTables/extensions/KeyTable/css/keyTable.bootstrap.min.css]
[seantheme.com/color-admin-v3.0/admin/apple/assets/plugins/DataTables/extensions/RowReorder/css/rowReorder.bootstrap.min.css]
[seantheme.com/color-admin-v3.0/admin/apple/assets/plugins/DataTables/extensions/Scroller/css/scroller.bootstrap.min.css]
[seantheme.com/color-admin-v3.0/admin/apple/assets/plugins/DataTables/extensions/Select/css/select.bootstrap.min.css]
[seantheme.com/color-admin-v3.0/admin/apple/assets/plugins/nvd3/build/nv.d3.css]
[seantheme.com/color-admin-v3.0/admin/apple/assets/plugins/fullcalendar/fullcalendar.print.css]
[seantheme.com/color-admin-v3.0/admin/apple/assets/plugins/fullcalendar/fullcalendar.min.css]
[seantheme.com/color-admin-v3.0/admin/apple/assets/plugins/isotope/isotope.css]
[seantheme.com/color-admin-v3.0/admin/apple/assets/plugins/lightbox/images/close.png]
[seantheme.com/color-admin-v3.0/admin/apple/assets/plugins/lightbox/images/loading.gif]
[seantheme.com/color-admin-v3.0/admin/apple/assets/plugins/lightbox/images/prev.png]
[seantheme.com/color-admin-v3.0/admin/apple/assets/plugins/lightbox/images/next.png]
[seantheme.com/color-admin-v3.0/admin/apple/assets/plugins/lightbox/css/lightbox.css]
[seantheme.com/color-admin-v3.0/admin/apple/assets/plugins/jquery.countdown/jquery.countdown.css]
[seantheme.com/color-admin-v3.0/admin/apple/assets/css/invoice-print.min.css]
[seantheme.com/color-admin-v3.0/admin/apple/assets/plugins/simple-line-icons/fonts/Simple-Line-Icons06c8.svg]
[seantheme.com/color-admin-v3.0/admin/apple/assets/plugins/flag-icon/flags/4x3/ad.svg]
[seantheme.com/color-admin-v3.0/admin/apple/assets/plugins/flag-icon/flags/1x1/ad.svg]
[seantheme.com/color-admin-v3.0/admin/apple/assets/plugins/flag-icon/flags/4x3/ae.svg]
[seantheme.com/color-admin-v3.0/admin/apple/assets/plugins/flag-icon/flags/1x1/ae.svg]
[seantheme.com/color-admin-v3.0/admin/apple/assets/plugins/flag-icon/flags/4x3/af.svg]
[seantheme.com/color-admin-v3.0/admin/apple/assets/plugins/flag-icon/flags/1x1/af.svg]
[seantheme.com/color-admin-v3.0/admin/apple/assets/plugins/flag-icon/flags/4x3/ag.svg]
[seantheme.com/color-admin-v3.0/admin/apple/assets/plugins/flag-icon/flags/1x1/ag.svg]
[seantheme.com/color-admin-v3.0/admin/apple/assets/plugins/flag-icon/flags/4x3/ai.svg]
[seantheme.com/color-admin-v3.0/admin/apple/assets/plugins/flag-icon/flags/1x1/ai.svg]
[seantheme.com/color-admin-v3.0/admin/apple/assets/plugins/flag-icon/flags/4x3/al.svg]
[seantheme.com/color-admin-v3.0/admin/apple/assets/plugins/flag-icon/flags/1x1/al.svg]
[seantheme.com/color-admin-v3.0/admin/apple/assets/plugins/flag-icon/flags/4x3/am.svg]
[seantheme.com/color-admin-v3.0/admin/apple/assets/plugins/flag-icon/flags/1x1/am.svg]
[seantheme.com/color-admin-v3.0/admin/apple/assets/plugins/flag-icon/flags/4x3/ao.svg]
[seantheme.com/color-admin-v3.0/admin/apple/assets/plugins/flag-icon/flags/1x1/ao.svg]
[seantheme.com/color-admin-v3.0/admin/apple/assets/plugins/flag-icon/flags/4x3/aq.svg]
[seantheme.com/color-admin-v3.0/admin/apple/assets/plugins/flag-icon/flags/1x1/aq.svg]
[seantheme.com/color-admin-v3.0/admin/apple/assets/plugins/flag-icon/flags/4x3/ar.svg]
[seantheme.com/color-admin-v3.0/admin/apple/assets/plugins/flag-icon/flags/1x1/ar.svg]
[seantheme.com/color-admin-v3.0/admin/apple/assets/plugins/flag-icon/flags/4x3/as.svg]
[seantheme.com/color-admin-v3.0/admin/apple/assets/plugins/flag-icon/flags/1x1/as.svg]
[seantheme.com/color-admin-v3.0/admin/apple/assets/plugins/flag-icon/flags/4x3/at.svg]
[seantheme.com/color-admin-v3.0/admin/apple/assets/plugins/flag-icon/flags/1x1/at.svg]
[seantheme.com/color-admin-v3.0/admin/apple/assets/plugins/flag-icon/flags/4x3/au.svg]
[seantheme.com/color-admin-v3.0/admin/apple/assets/plugins/flag-icon/flags/1x1/au.svg]
[seantheme.com/color-admin-v3.0/admin/apple/assets/plugins/flag-icon/flags/4x3/aw.svg]
[seantheme.com/color-admin-v3.0/admin/apple/assets/plugins/flag-icon/flags/1x1/aw.svg]
[seantheme.com/color-admin-v3.0/admin/apple/assets/plugins/flag-icon/flags/4x3/ax.svg]
[seantheme.com/color-admin-v3.0/admin/apple/assets/plugins/flag-icon/flags/1x1/ax.svg]
[seantheme.com/color-admin-v3.0/admin/apple/assets/plugins/flag-icon/flags/4x3/az.svg]
[seantheme.com/color-admin-v3.0/admin/apple/assets/plugins/flag-icon/flags/1x1/az.svg]
[seantheme.com/color-admin-v3.0/admin/apple/assets/plugins/flag-icon/flags/4x3/ba.svg]
[seantheme.com/color-admin-v3.0/admin/apple/assets/plugins/flag-icon/flags/1x1/ba.svg]
[seantheme.com/color-admin-v3.0/admin/apple/assets/plugins/flag-icon/flags/4x3/bb.svg]
[seantheme.com/color-admin-v3.0/admin/apple/assets/plugins/flag-icon/flags/1x1/bb.svg]
[seantheme.com/color-admin-v3.0/admin/apple/assets/plugins/flag-icon/flags/4x3/bd.svg]
[seantheme.com/color-admin-v3.0/admin/apple/assets/plugins/flag-icon/flags/1x1/bd.svg]
[seantheme.com/color-admin-v3.0/admin/apple/assets/plugins/flag-icon/flags/4x3/be.svg]
[seantheme.com/color-admin-v3.0/admin/apple/assets/plugins/flag-icon/flags/1x1/be.svg]
[seantheme.com/color-admin-v3.0/admin/apple/assets/plugins/flag-icon/flags/4x3/bf.svg]
[seantheme.com/color-admin-v3.0/admin/apple/assets/plugins/flag-icon/flags/1x1/bf.svg]
[seantheme.com/color-admin-v3.0/admin/apple/assets/plugins/flag-icon/flags/4x3/bg.svg]
[seantheme.com/color-admin-v3.0/admin/apple/assets/plugins/flag-icon/flags/1x1/bg.svg]
[seantheme.com/color-admin-v3.0/admin/apple/assets/plugins/flag-icon/flags/4x3/bh.svg]
[seantheme.com/color-admin-v3.0/admin/apple/assets/plugins/flag-icon/flags/1x1/bh.svg]
[seantheme.com/color-admin-v3.0/admin/apple/assets/plugins/flag-icon/flags/4x3/bi.svg]
[seantheme.com/color-admin-v3.0/admin/apple/assets/plugins/flag-icon/flags/1x1/bi.svg]
[seantheme.com/color-admin-v3.0/admin/apple/assets/plugins/flag-icon/flags/4x3/bj.svg]
[seantheme.com/color-admin-v3.0/admin/apple/assets/plugins/flag-icon/flags/1x1/bj.svg]
[seantheme.com/color-admin-v3.0/admin/apple/assets/plugins/flag-icon/flags/4x3/bl.svg]
[seantheme.com/color-admin-v3.0/admin/apple/assets/plugins/flag-icon/flags/1x1/bl.svg]
[seantheme.com/color-admin-v3.0/admin/apple/assets/plugins/flag-icon/flags/4x3/bm.svg]
[seantheme.com/color-admin-v3.0/admin/apple/assets/plugins/flag-icon/flags/1x1/bm.svg]
[seantheme.com/color-admin-v3.0/admin/apple/assets/plugins/flag-icon/flags/4x3/bn.svg]
[seantheme.com/color-admin-v3.0/admin/apple/assets/plugins/flag-icon/flags/1x1/bn.svg]
[seantheme.com/color-admin-v3.0/admin/apple/assets/plugins/flag-icon/flags/4x3/bo.svg]
[seantheme.com/color-admin-v3.0/admin/apple/assets/plugins/flag-icon/flags/1x1/bo.svg]
[seantheme.com/color-admin-v3.0/admin/apple/assets/plugins/flag-icon/flags/4x3/bq.svg]
[seantheme.com/color-admin-v3.0/admin/apple/assets/plugins/flag-icon/flags/1x1/bq.svg]
[seantheme.com/color-admin-v3.0/admin/apple/assets/plugins/flag-icon/flags/4x3/br.svg]
[seantheme.com/color-admin-v3.0/admin/apple/assets/plugins/flag-icon/flags/1x1/br.svg]
[seantheme.com/color-admin-v3.0/admin/apple/assets/plugins/flag-icon/flags/4x3/bs.svg]
[seantheme.com/color-admin-v3.0/admin/apple/assets/plugins/flag-icon/flags/1x1/bs.svg]
[seantheme.com/color-admin-v3.0/admin/apple/assets/plugins/flag-icon/flags/4x3/bt.svg]
[seantheme.com/color-admin-v3.0/admin/apple/assets/plugins/flag-icon/flags/1x1/bt.svg]
[seantheme.com/color-admin-v3.0/admin/apple/assets/plugins/flag-icon/flags/4x3/bv.svg]
[seantheme.com/color-admin-v3.0/admin/apple/assets/plugins/flag-icon/flags/1x1/bv.svg]
[seantheme.com/color-admin-v3.0/admin/apple/assets/plugins/flag-icon/flags/4x3/bw.svg]
[seantheme.com/color-admin-v3.0/admin/apple/assets/plugins/flag-icon/flags/1x1/bw.svg]
[seantheme.com/color-admin-v3.0/admin/apple/assets/plugins/flag-icon/flags/4x3/by.svg]
[seantheme.com/color-admin-v3.0/admin/apple/assets/plugins/flag-icon/flags/1x1/by.svg]
[seantheme.com/color-admin-v3.0/admin/apple/assets/plugins/flag-icon/flags/4x3/bz.svg]
[seantheme.com/color-admin-v3.0/admin/apple/assets/plugins/flag-icon/flags/1x1/bz.svg]
[seantheme.com/color-admin-v3.0/admin/apple/assets/plugins/flag-icon/flags/4x3/ca.svg]
[seantheme.com/color-admin-v3.0/admin/apple/assets/plugins/flag-icon/flags/1x1/ca.svg]
[seantheme.com/color-admin-v3.0/admin/apple/assets/plugins/flag-icon/flags/4x3/cc.svg]
[seantheme.com/color-admin-v3.0/admin/apple/assets/plugins/flag-icon/flags/1x1/cc.svg]
[seantheme.com/color-admin-v3.0/admin/apple/assets/plugins/flag-icon/flags/4x3/cd.svg]
[seantheme.com/color-admin-v3.0/admin/apple/assets/plugins/flag-icon/flags/1x1/cd.svg]
[seantheme.com/color-admin-v3.0/admin/apple/assets/plugins/flag-icon/flags/4x3/cf.svg]
[seantheme.com/color-admin-v3.0/admin/apple/assets/plugins/flag-icon/flags/1x1/cf.svg]
[seantheme.com/color-admin-v3.0/admin/apple/assets/plugins/flag-icon/flags/4x3/cg.svg]
[seantheme.com/color-admin-v3.0/admin/apple/assets/plugins/flag-icon/flags/1x1/cg.svg]
[seantheme.com/color-admin-v3.0/admin/apple/assets/plugins/flag-icon/flags/4x3/ch.svg]
[seantheme.com/color-admin-v3.0/admin/apple/assets/plugins/flag-icon/flags/1x1/ch.svg]
[seantheme.com/color-admin-v3.0/admin/apple/assets/plugins/flag-icon/flags/4x3/ci.svg]
[seantheme.com/color-admin-v3.0/admin/apple/assets/plugins/flag-icon/flags/1x1/ci.svg]
[seantheme.com/color-admin-v3.0/admin/apple/assets/plugins/flag-icon/flags/4x3/ck.svg]
[seantheme.com/color-admin-v3.0/admin/apple/assets/plugins/flag-icon/flags/1x1/ck.svg]
[seantheme.com/color-admin-v3.0/admin/apple/assets/plugins/flag-icon/flags/4x3/cl.svg]
[seantheme.com/color-admin-v3.0/admin/apple/assets/plugins/flag-icon/flags/1x1/cl.svg]
[seantheme.com/color-admin-v3.0/admin/apple/assets/plugins/flag-icon/flags/4x3/cm.svg]
[seantheme.com/color-admin-v3.0/admin/apple/assets/plugins/flag-icon/flags/1x1/cm.svg]
[seantheme.com/color-admin-v3.0/admin/apple/assets/plugins/flag-icon/flags/4x3/cn.svg]
[seantheme.com/color-admin-v3.0/admin/apple/assets/plugins/flag-icon/flags/1x1/cn.svg]
[seantheme.com/color-admin-v3.0/admin/apple/assets/plugins/flag-icon/flags/4x3/co.svg]
[seantheme.com/color-admin-v3.0/admin/apple/assets/plugins/flag-icon/flags/1x1/co.svg]
[seantheme.com/color-admin-v3.0/admin/apple/assets/plugins/flag-icon/flags/4x3/cr.svg]
[seantheme.com/color-admin-v3.0/admin/apple/assets/plugins/flag-icon/flags/1x1/cr.svg]
[seantheme.com/color-admin-v3.0/admin/apple/assets/plugins/flag-icon/flags/4x3/cu.svg]
[seantheme.com/color-admin-v3.0/admin/apple/assets/plugins/flag-icon/flags/1x1/cu.svg]
[seantheme.com/color-admin-v3.0/admin/apple/assets/plugins/flag-icon/flags/4x3/cv.svg]
[seantheme.com/color-admin-v3.0/admin/apple/assets/plugins/flag-icon/flags/1x1/cv.svg]
[seantheme.com/color-admin-v3.0/admin/apple/assets/plugins/flag-icon/flags/4x3/cw.svg]
[seantheme.com/color-admin-v3.0/admin/apple/assets/plugins/flag-icon/flags/1x1/cw.svg]
[seantheme.com/color-admin-v3.0/admin/apple/assets/plugins/flag-icon/flags/4x3/cx.svg]
[seantheme.com/color-admin-v3.0/admin/apple/assets/plugins/flag-icon/flags/1x1/cx.svg]
[seantheme.com/color-admin-v3.0/admin/apple/assets/plugins/flag-icon/flags/4x3/cy.svg]
[seantheme.com/color-admin-v3.0/admin/apple/assets/plugins/flag-icon/flags/1x1/cy.svg]
[seantheme.com/color-admin-v3.0/admin/apple/assets/plugins/flag-icon/flags/4x3/cz.svg]
[seantheme.com/color-admin-v3.0/admin/apple/assets/plugins/flag-icon/flags/1x1/cz.svg]
[seantheme.com/color-admin-v3.0/admin/apple/assets/plugins/flag-icon/flags/4x3/de.svg]
[seantheme.com/color-admin-v3.0/admin/apple/assets/plugins/flag-icon/flags/1x1/de.svg]
[seantheme.com/color-admin-v3.0/admin/apple/assets/plugins/flag-icon/flags/4x3/dj.svg]
[seantheme.com/color-admin-v3.0/admin/apple/assets/plugins/flag-icon/flags/1x1/dj.svg]
[seantheme.com/color-admin-v3.0/admin/apple/assets/plugins/flag-icon/flags/4x3/dk.svg]
[seantheme.com/color-admin-v3.0/admin/apple/assets/plugins/flag-icon/flags/1x1/dk.svg]
[seantheme.com/color-admin-v3.0/admin/apple/assets/plugins/flag-icon/flags/4x3/dm.svg]
[seantheme.com/color-admin-v3.0/admin/apple/assets/plugins/flag-icon/flags/1x1/dm.svg]
[seantheme.com/color-admin-v3.0/admin/apple/assets/plugins/flag-icon/flags/4x3/do.svg]
[seantheme.com/color-admin-v3.0/admin/apple/assets/plugins/flag-icon/flags/1x1/do.svg]
[seantheme.com/color-admin-v3.0/admin/apple/assets/plugins/flag-icon/flags/4x3/dz.svg]
[seantheme.com/color-admin-v3.0/admin/apple/assets/plugins/flag-icon/flags/1x1/dz.svg]
[seantheme.com/color-admin-v3.0/admin/apple/assets/plugins/flag-icon/flags/4x3/ec.svg]
[seantheme.com/color-admin-v3.0/admin/apple/assets/plugins/flag-icon/flags/1x1/ec.svg]
[seantheme.com/color-admin-v3.0/admin/apple/assets/plugins/flag-icon/flags/4x3/ee.svg]
[seantheme.com/color-admin-v3.0/admin/apple/assets/plugins/flag-icon/flags/1x1/ee.svg]
[seantheme.com/color-admin-v3.0/admin/apple/assets/plugins/flag-icon/flags/4x3/eg.svg]
[seantheme.com/color-admin-v3.0/admin/apple/assets/plugins/flag-icon/flags/1x1/eg.svg]
[seantheme.com/color-admin-v3.0/admin/apple/assets/plugins/flag-icon/flags/4x3/eh.svg]
[seantheme.com/color-admin-v3.0/admin/apple/assets/plugins/flag-icon/flags/1x1/eh.svg]
[seantheme.com/color-admin-v3.0/admin/apple/assets/plugins/flag-icon/flags/4x3/er.svg]
[seantheme.com/color-admin-v3.0/admin/apple/assets/plugins/flag-icon/flags/1x1/er.svg]
[seantheme.com/color-admin-v3.0/admin/apple/assets/plugins/flag-icon/flags/4x3/es.svg]
[seantheme.com/color-admin-v3.0/admin/apple/assets/plugins/flag-icon/flags/1x1/es.svg]
[seantheme.com/color-admin-v3.0/admin/apple/assets/plugins/flag-icon/flags/4x3/et.svg]
[seantheme.com/color-admin-v3.0/admin/apple/assets/plugins/flag-icon/flags/1x1/et.svg]
[seantheme.com/color-admin-v3.0/admin/apple/assets/plugins/flag-icon/flags/4x3/fi.svg]
[seantheme.com/color-admin-v3.0/admin/apple/assets/plugins/flag-icon/flags/1x1/fi.svg]
[seantheme.com/color-admin-v3.0/admin/apple/assets/plugins/flag-icon/flags/4x3/fj.svg]
[seantheme.com/color-admin-v3.0/admin/apple/assets/plugins/flag-icon/flags/1x1/fj.svg]
[seantheme.com/color-admin-v3.0/admin/apple/assets/plugins/flag-icon/flags/4x3/fk.svg]
[seantheme.com/color-admin-v3.0/admin/apple/assets/plugins/flag-icon/flags/1x1/fk.svg]
[seantheme.com/color-admin-v3.0/admin/apple/assets/plugins/flag-icon/flags/4x3/fm.svg]
[seantheme.com/color-admin-v3.0/admin/apple/assets/plugins/flag-icon/flags/1x1/fm.svg]
[seantheme.com/color-admin-v3.0/admin/apple/assets/plugins/flag-icon/flags/4x3/fo.svg]
[seantheme.com/color-admin-v3.0/admin/apple/assets/plugins/flag-icon/flags/1x1/fo.svg]
[seantheme.com/color-admin-v3.0/admin/apple/assets/plugins/flag-icon/flags/4x3/fr.svg]
[seantheme.com/color-admin-v3.0/admin/apple/assets/plugins/flag-icon/flags/1x1/fr.svg]
[seantheme.com/color-admin-v3.0/admin/apple/assets/plugins/flag-icon/flags/4x3/ga.svg]
[seantheme.com/color-admin-v3.0/admin/apple/assets/plugins/flag-icon/flags/1x1/ga.svg]
[seantheme.com/color-admin-v3.0/admin/apple/assets/plugins/flag-icon/flags/4x3/gb.svg]
[seantheme.com/color-admin-v3.0/admin/apple/assets/plugins/flag-icon/flags/1x1/gb.svg]
[seantheme.com/color-admin-v3.0/admin/apple/assets/plugins/flag-icon/flags/4x3/gd.svg]
[seantheme.com/color-admin-v3.0/admin/apple/assets/plugins/flag-icon/flags/1x1/gd.svg]
[seantheme.com/color-admin-v3.0/admin/apple/assets/plugins/flag-icon/flags/4x3/ge.svg]
[seantheme.com/color-admin-v3.0/admin/apple/assets/plugins/flag-icon/flags/1x1/ge.svg]
[seantheme.com/color-admin-v3.0/admin/apple/assets/plugins/flag-icon/flags/4x3/gf.svg]
[seantheme.com/color-admin-v3.0/admin/apple/assets/plugins/flag-icon/flags/1x1/gf.svg]
[seantheme.com/color-admin-v3.0/admin/apple/assets/plugins/flag-icon/flags/4x3/gg.svg]
[seantheme.com/color-admin-v3.0/admin/apple/assets/plugins/flag-icon/flags/1x1/gg.svg]
[seantheme.com/color-admin-v3.0/admin/apple/assets/plugins/flag-icon/flags/4x3/gh.svg]
[seantheme.com/color-admin-v3.0/admin/apple/assets/plugins/flag-icon/flags/1x1/gh.svg]
[seantheme.com/color-admin-v3.0/admin/apple/assets/plugins/flag-icon/flags/4x3/gi.svg]
[seantheme.com/color-admin-v3.0/admin/apple/assets/plugins/flag-icon/flags/1x1/gi.svg]
[seantheme.com/color-admin-v3.0/admin/apple/assets/plugins/flag-icon/flags/4x3/gl.svg]
[seantheme.com/color-admin-v3.0/admin/apple/assets/plugins/flag-icon/flags/1x1/gl.svg]
[seantheme.com/color-admin-v3.0/admin/apple/assets/plugins/flag-icon/flags/4x3/gm.svg]
[seantheme.com/color-admin-v3.0/admin/apple/assets/plugins/flag-icon/flags/1x1/gm.svg]
[seantheme.com/color-admin-v3.0/admin/apple/assets/plugins/flag-icon/flags/4x3/gn.svg]
[seantheme.com/color-admin-v3.0/admin/apple/assets/plugins/flag-icon/flags/1x1/gn.svg]
[seantheme.com/color-admin-v3.0/admin/apple/assets/plugins/flag-icon/flags/4x3/gp.svg]
[seantheme.com/color-admin-v3.0/admin/apple/assets/plugins/flag-icon/flags/1x1/gp.svg]
[seantheme.com/color-admin-v3.0/admin/apple/assets/plugins/flag-icon/flags/4x3/gq.svg]
[seantheme.com/color-admin-v3.0/admin/apple/assets/plugins/flag-icon/flags/1x1/gq.svg]
[seantheme.com/color-admin-v3.0/admin/apple/assets/plugins/flag-icon/flags/4x3/gr.svg]
[seantheme.com/color-admin-v3.0/admin/apple/assets/plugins/flag-icon/flags/1x1/gr.svg]
[seantheme.com/color-admin-v3.0/admin/apple/assets/plugins/flag-icon/flags/4x3/gs.svg]
[seantheme.com/color-admin-v3.0/admin/apple/assets/plugins/flag-icon/flags/1x1/gs.svg]
[seantheme.com/color-admin-v3.0/admin/apple/assets/plugins/flag-icon/flags/4x3/gt.svg]
[seantheme.com/color-admin-v3.0/admin/apple/assets/plugins/flag-icon/flags/1x1/gt.svg]
[seantheme.com/color-admin-v3.0/admin/apple/assets/plugins/flag-icon/flags/4x3/gu.svg]
[seantheme.com/color-admin-v3.0/admin/apple/assets/plugins/flag-icon/flags/1x1/gu.svg]
[seantheme.com/color-admin-v3.0/admin/apple/assets/plugins/flag-icon/flags/4x3/gw.svg]
[seantheme.com/color-admin-v3.0/admin/apple/assets/plugins/flag-icon/flags/1x1/gw.svg]
[seantheme.com/color-admin-v3.0/admin/apple/assets/plugins/flag-icon/flags/4x3/gy.svg]
[seantheme.com/color-admin-v3.0/admin/apple/assets/plugins/flag-icon/flags/1x1/gy.svg]
[seantheme.com/color-admin-v3.0/admin/apple/assets/plugins/flag-icon/flags/4x3/hk.svg]
[seantheme.com/color-admin-v3.0/admin/apple/assets/plugins/flag-icon/flags/1x1/hk.svg]
[seantheme.com/color-admin-v3.0/admin/apple/assets/plugins/flag-icon/flags/4x3/hm.svg]
[seantheme.com/color-admin-v3.0/admin/apple/assets/plugins/flag-icon/flags/1x1/hm.svg]
[seantheme.com/color-admin-v3.0/admin/apple/assets/plugins/flag-icon/flags/4x3/hn.svg]
[seantheme.com/color-admin-v3.0/admin/apple/assets/plugins/flag-icon/flags/1x1/hn.svg]
[seantheme.com/color-admin-v3.0/admin/apple/assets/plugins/flag-icon/flags/4x3/hr.svg]
[seantheme.com/color-admin-v3.0/admin/apple/assets/plugins/flag-icon/flags/1x1/hr.svg]
[seantheme.com/color-admin-v3.0/admin/apple/assets/plugins/flag-icon/flags/4x3/ht.svg]
[seantheme.com/color-admin-v3.0/admin/apple/assets/plugins/flag-icon/flags/1x1/ht.svg]
[seantheme.com/color-admin-v3.0/admin/apple/assets/plugins/flag-icon/flags/4x3/hu.svg]
[seantheme.com/color-admin-v3.0/admin/apple/assets/plugins/flag-icon/flags/1x1/hu.svg]
[seantheme.com/color-admin-v3.0/admin/apple/assets/plugins/flag-icon/flags/4x3/id.svg]
[seantheme.com/color-admin-v3.0/admin/apple/assets/plugins/flag-icon/flags/1x1/id.svg]
[seantheme.com/color-admin-v3.0/admin/apple/assets/plugins/flag-icon/flags/4x3/ie.svg]
[seantheme.com/color-admin-v3.0/admin/apple/assets/plugins/flag-icon/flags/1x1/ie.svg]
[seantheme.com/color-admin-v3.0/admin/apple/assets/plugins/flag-icon/flags/4x3/il.svg]
[seantheme.com/color-admin-v3.0/admin/apple/assets/plugins/flag-icon/flags/1x1/il.svg]
[seantheme.com/color-admin-v3.0/admin/apple/assets/plugins/flag-icon/flags/4x3/im.svg]
[seantheme.com/color-admin-v3.0/admin/apple/assets/plugins/flag-icon/flags/1x1/im.svg]
[seantheme.com/color-admin-v3.0/admin/apple/assets/plugins/flag-icon/flags/4x3/in.svg]
[seantheme.com/color-admin-v3.0/admin/apple/assets/plugins/flag-icon/flags/1x1/in.svg]
[seantheme.com/color-admin-v3.0/admin/apple/assets/plugins/flag-icon/flags/4x3/io.svg]
[seantheme.com/color-admin-v3.0/admin/apple/assets/plugins/flag-icon/flags/1x1/io.svg]
[seantheme.com/color-admin-v3.0/admin/apple/assets/plugins/flag-icon/flags/4x3/iq.svg]
[seantheme.com/color-admin-v3.0/admin/apple/assets/plugins/flag-icon/flags/1x1/iq.svg]
[seantheme.com/color-admin-v3.0/admin/apple/assets/plugins/flag-icon/flags/4x3/ir.svg]
[seantheme.com/color-admin-v3.0/admin/apple/assets/plugins/flag-icon/flags/1x1/ir.svg]
[seantheme.com/color-admin-v3.0/admin/apple/assets/plugins/flag-icon/flags/4x3/is.svg]
[seantheme.com/color-admin-v3.0/admin/apple/assets/plugins/flag-icon/flags/1x1/is.svg]
[seantheme.com/color-admin-v3.0/admin/apple/assets/plugins/flag-icon/flags/4x3/it.svg]
[seantheme.com/color-admin-v3.0/admin/apple/assets/plugins/flag-icon/flags/1x1/it.svg]
[seantheme.com/color-admin-v3.0/admin/apple/assets/plugins/flag-icon/flags/4x3/je.svg]
[seantheme.com/color-admin-v3.0/admin/apple/assets/plugins/flag-icon/flags/1x1/je.svg]
[seantheme.com/color-admin-v3.0/admin/apple/assets/plugins/flag-icon/flags/4x3/jm.svg]
[seantheme.com/color-admin-v3.0/admin/apple/assets/plugins/flag-icon/flags/1x1/jm.svg]
[seantheme.com/color-admin-v3.0/admin/apple/assets/plugins/flag-icon/flags/4x3/jo.svg]
[seantheme.com/color-admin-v3.0/admin/apple/assets/plugins/flag-icon/flags/1x1/jo.svg]
[seantheme.com/color-admin-v3.0/admin/apple/assets/plugins/flag-icon/flags/4x3/jp.svg]
[seantheme.com/color-admin-v3.0/admin/apple/assets/plugins/flag-icon/flags/1x1/jp.svg]
[seantheme.com/color-admin-v3.0/admin/apple/assets/plugins/flag-icon/flags/4x3/ke.svg]
[seantheme.com/color-admin-v3.0/admin/apple/assets/plugins/flag-icon/flags/1x1/ke.svg]
[seantheme.com/color-admin-v3.0/admin/apple/assets/plugins/flag-icon/flags/4x3/kg.svg]
[seantheme.com/color-admin-v3.0/admin/apple/assets/plugins/flag-icon/flags/1x1/kg.svg]
[seantheme.com/color-admin-v3.0/admin/apple/assets/plugins/flag-icon/flags/4x3/kh.svg]
[seantheme.com/color-admin-v3.0/admin/apple/assets/plugins/flag-icon/flags/1x1/kh.svg]
[seantheme.com/color-admin-v3.0/admin/apple/assets/plugins/flag-icon/flags/4x3/ki.svg]
[seantheme.com/color-admin-v3.0/admin/apple/assets/plugins/flag-icon/flags/1x1/ki.svg]
[seantheme.com/color-admin-v3.0/admin/apple/assets/plugins/flag-icon/flags/4x3/km.svg]
[seantheme.com/color-admin-v3.0/admin/apple/assets/plugins/flag-icon/flags/1x1/km.svg]
[seantheme.com/color-admin-v3.0/admin/apple/assets/plugins/flag-icon/flags/4x3/kn.svg]
[seantheme.com/color-admin-v3.0/admin/apple/assets/plugins/flag-icon/flags/1x1/kn.svg]
[seantheme.com/color-admin-v3.0/admin/apple/assets/plugins/flag-icon/flags/4x3/kp.svg]
[seantheme.com/color-admin-v3.0/admin/apple/assets/plugins/flag-icon/flags/1x1/kp.svg]
[seantheme.com/color-admin-v3.0/admin/apple/assets/plugins/flag-icon/flags/4x3/kr.svg]
[seantheme.com/color-admin-v3.0/admin/apple/assets/plugins/flag-icon/flags/1x1/kr.svg]
[seantheme.com/color-admin-v3.0/admin/apple/assets/plugins/flag-icon/flags/4x3/kw.svg]
[seantheme.com/color-admin-v3.0/admin/apple/assets/plugins/flag-icon/flags/1x1/kw.svg]
[seantheme.com/color-admin-v3.0/admin/apple/assets/plugins/flag-icon/flags/4x3/ky.svg]
[seantheme.com/color-admin-v3.0/admin/apple/assets/plugins/flag-icon/flags/1x1/ky.svg]
[seantheme.com/color-admin-v3.0/admin/apple/assets/plugins/flag-icon/flags/4x3/kz.svg]
[seantheme.com/color-admin-v3.0/admin/apple/assets/plugins/flag-icon/flags/1x1/kz.svg]
[seantheme.com/color-admin-v3.0/admin/apple/assets/plugins/flag-icon/flags/4x3/la.svg]
[seantheme.com/color-admin-v3.0/admin/apple/assets/plugins/flag-icon/flags/1x1/la.svg]
[seantheme.com/color-admin-v3.0/admin/apple/assets/plugins/flag-icon/flags/4x3/lb.svg]
[seantheme.com/color-admin-v3.0/admin/apple/assets/plugins/flag-icon/flags/1x1/lb.svg]
[seantheme.com/color-admin-v3.0/admin/apple/assets/plugins/flag-icon/flags/4x3/lc.svg]
[seantheme.com/color-admin-v3.0/admin/apple/assets/plugins/flag-icon/flags/1x1/lc.svg]
[seantheme.com/color-admin-v3.0/admin/apple/assets/plugins/flag-icon/flags/4x3/li.svg]
[seantheme.com/color-admin-v3.0/admin/apple/assets/plugins/flag-icon/flags/1x1/li.svg]
[seantheme.com/color-admin-v3.0/admin/apple/assets/plugins/flag-icon/flags/4x3/lk.svg]
[seantheme.com/color-admin-v3.0/admin/apple/assets/plugins/flag-icon/flags/1x1/lk.svg]
[seantheme.com/color-admin-v3.0/admin/apple/assets/plugins/flag-icon/flags/4x3/lr.svg]
[seantheme.com/color-admin-v3.0/admin/apple/assets/plugins/flag-icon/flags/1x1/lr.svg]
[seantheme.com/color-admin-v3.0/admin/apple/assets/plugins/flag-icon/flags/4x3/ls.svg]
[seantheme.com/color-admin-v3.0/admin/apple/assets/plugins/flag-icon/flags/1x1/ls.svg]
[seantheme.com/color-admin-v3.0/admin/apple/assets/plugins/flag-icon/flags/4x3/lt.svg]
[seantheme.com/color-admin-v3.0/admin/apple/assets/plugins/flag-icon/flags/1x1/lt.svg]
[seantheme.com/color-admin-v3.0/admin/apple/assets/plugins/flag-icon/flags/4x3/lu.svg]
[seantheme.com/color-admin-v3.0/admin/apple/assets/plugins/flag-icon/flags/1x1/lu.svg]
[seantheme.com/color-admin-v3.0/admin/apple/assets/plugins/flag-icon/flags/4x3/lv.svg]
[seantheme.com/color-admin-v3.0/admin/apple/assets/plugins/flag-icon/flags/1x1/lv.svg]
[seantheme.com/color-admin-v3.0/admin/apple/assets/plugins/flag-icon/flags/4x3/ly.svg]
[seantheme.com/color-admin-v3.0/admin/apple/assets/plugins/flag-icon/flags/1x1/ly.svg]
[seantheme.com/color-admin-v3.0/admin/apple/assets/plugins/flag-icon/flags/4x3/ma.svg]
[seantheme.com/color-admin-v3.0/admin/apple/assets/plugins/flag-icon/flags/1x1/ma.svg]
[seantheme.com/color-admin-v3.0/admin/apple/assets/plugins/flag-icon/flags/4x3/mc.svg]
[seantheme.com/color-admin-v3.0/admin/apple/assets/plugins/flag-icon/flags/1x1/mc.svg]
[seantheme.com/color-admin-v3.0/admin/apple/assets/plugins/flag-icon/flags/4x3/md.svg]
[seantheme.com/color-admin-v3.0/admin/apple/assets/plugins/flag-icon/flags/1x1/md.svg]
[seantheme.com/color-admin-v3.0/admin/apple/assets/plugins/flag-icon/flags/4x3/me.svg]
[seantheme.com/color-admin-v3.0/admin/apple/assets/plugins/flag-icon/flags/1x1/me.svg]
[seantheme.com/color-admin-v3.0/admin/apple/assets/plugins/flag-icon/flags/4x3/mf.svg]
[seantheme.com/color-admin-v3.0/admin/apple/assets/plugins/flag-icon/flags/1x1/mf.svg]
[seantheme.com/color-admin-v3.0/admin/apple/assets/plugins/flag-icon/flags/4x3/mg.svg]
[seantheme.com/color-admin-v3.0/admin/apple/assets/plugins/flag-icon/flags/1x1/mg.svg]
[seantheme.com/color-admin-v3.0/admin/apple/assets/plugins/flag-icon/flags/4x3/mh.svg]
[seantheme.com/color-admin-v3.0/admin/apple/assets/plugins/flag-icon/flags/1x1/mh.svg]
[seantheme.com/color-admin-v3.0/admin/apple/assets/plugins/flag-icon/flags/4x3/mk.svg]
[seantheme.com/color-admin-v3.0/admin/apple/assets/plugins/flag-icon/flags/1x1/mk.svg]
[seantheme.com/color-admin-v3.0/admin/apple/assets/plugins/flag-icon/flags/4x3/ml.svg]
[seantheme.com/color-admin-v3.0/admin/apple/assets/plugins/flag-icon/flags/1x1/ml.svg]
[seantheme.com/color-admin-v3.0/admin/apple/assets/plugins/flag-icon/flags/4x3/mm.svg]
[seantheme.com/color-admin-v3.0/admin/apple/assets/plugins/flag-icon/flags/1x1/mm.svg]
[seantheme.com/color-admin-v3.0/admin/apple/assets/plugins/flag-icon/flags/4x3/mn.svg]
[seantheme.com/color-admin-v3.0/admin/apple/assets/plugins/flag-icon/flags/1x1/mn.svg]
[seantheme.com/color-admin-v3.0/admin/apple/assets/plugins/flag-icon/flags/4x3/mo.svg]
[seantheme.com/color-admin-v3.0/admin/apple/assets/plugins/flag-icon/flags/1x1/mo.svg]
[seantheme.com/color-admin-v3.0/admin/apple/assets/plugins/flag-icon/flags/4x3/mp.svg]
[seantheme.com/color-admin-v3.0/admin/apple/assets/plugins/flag-icon/flags/1x1/mp.svg]
[seantheme.com/color-admin-v3.0/admin/apple/assets/plugins/flag-icon/flags/4x3/mq.svg]
[seantheme.com/color-admin-v3.0/admin/apple/assets/plugins/flag-icon/flags/1x1/mq.svg]
[seantheme.com/color-admin-v3.0/admin/apple/assets/plugins/flag-icon/flags/4x3/mr.svg]
[seantheme.com/color-admin-v3.0/admin/apple/assets/plugins/flag-icon/flags/1x1/mr.svg]
[seantheme.com/color-admin-v3.0/admin/apple/assets/plugins/flag-icon/flags/4x3/ms.svg]
[seantheme.com/color-admin-v3.0/admin/apple/assets/plugins/flag-icon/flags/1x1/ms.svg]
[seantheme.com/color-admin-v3.0/admin/apple/assets/plugins/flag-icon/flags/4x3/mt.svg]
[seantheme.com/color-admin-v3.0/admin/apple/assets/plugins/flag-icon/flags/1x1/mt.svg]
[seantheme.com/color-admin-v3.0/admin/apple/assets/plugins/flag-icon/flags/4x3/mu.svg]
[seantheme.com/color-admin-v3.0/admin/apple/assets/plugins/flag-icon/flags/1x1/mu.svg]
[seantheme.com/color-admin-v3.0/admin/apple/assets/plugins/flag-icon/flags/4x3/mv.svg]
[seantheme.com/color-admin-v3.0/admin/apple/assets/plugins/flag-icon/flags/1x1/mv.svg]
[seantheme.com/color-admin-v3.0/admin/apple/assets/plugins/flag-icon/flags/4x3/mw.svg]
[seantheme.com/color-admin-v3.0/admin/apple/assets/plugins/flag-icon/flags/1x1/mw.svg]
[seantheme.com/color-admin-v3.0/admin/apple/assets/plugins/flag-icon/flags/4x3/mx.svg]
[seantheme.com/color-admin-v3.0/admin/apple/assets/plugins/flag-icon/flags/1x1/mx.svg]
[seantheme.com/color-admin-v3.0/admin/apple/assets/plugins/flag-icon/flags/4x3/my.svg]
[seantheme.com/color-admin-v3.0/admin/apple/assets/plugins/flag-icon/flags/1x1/my.svg]
[seantheme.com/color-admin-v3.0/admin/apple/assets/plugins/flag-icon/flags/4x3/mz.svg]
[seantheme.com/color-admin-v3.0/admin/apple/assets/plugins/flag-icon/flags/1x1/mz.svg]
[seantheme.com/color-admin-v3.0/admin/apple/assets/plugins/flag-icon/flags/4x3/na.svg]
[seantheme.com/color-admin-v3.0/admin/apple/assets/plugins/flag-icon/flags/1x1/na.svg]
[seantheme.com/color-admin-v3.0/admin/apple/assets/plugins/flag-icon/flags/4x3/nc.svg]
[seantheme.com/color-admin-v3.0/admin/apple/assets/plugins/flag-icon/flags/1x1/nc.svg]
[seantheme.com/color-admin-v3.0/admin/apple/assets/plugins/flag-icon/flags/4x3/ne.svg]
[seantheme.com/color-admin-v3.0/admin/apple/assets/plugins/flag-icon/flags/1x1/ne.svg]
[seantheme.com/color-admin-v3.0/admin/apple/assets/plugins/flag-icon/flags/4x3/nf.svg]
[seantheme.com/color-admin-v3.0/admin/apple/assets/plugins/flag-icon/flags/1x1/nf.svg]
[seantheme.com/color-admin-v3.0/admin/apple/assets/plugins/flag-icon/flags/4x3/ng.svg]
[seantheme.com/color-admin-v3.0/admin/apple/assets/plugins/flag-icon/flags/1x1/ng.svg]
[seantheme.com/color-admin-v3.0/admin/apple/assets/plugins/flag-icon/flags/4x3/ni.svg]
[seantheme.com/color-admin-v3.0/admin/apple/assets/plugins/flag-icon/flags/1x1/ni.svg]
[seantheme.com/color-admin-v3.0/admin/apple/assets/plugins/flag-icon/flags/4x3/nl.svg]
[seantheme.com/color-admin-v3.0/admin/apple/assets/plugins/flag-icon/flags/1x1/nl.svg]
[seantheme.com/color-admin-v3.0/admin/apple/assets/plugins/flag-icon/flags/4x3/no.svg]
[seantheme.com/color-admin-v3.0/admin/apple/assets/plugins/flag-icon/flags/1x1/no.svg]
[seantheme.com/color-admin-v3.0/admin/apple/assets/plugins/flag-icon/flags/4x3/np.svg]
[seantheme.com/color-admin-v3.0/admin/apple/assets/plugins/flag-icon/flags/1x1/np.svg]
[seantheme.com/color-admin-v3.0/admin/apple/assets/plugins/flag-icon/flags/4x3/nr.svg]
[seantheme.com/color-admin-v3.0/admin/apple/assets/plugins/flag-icon/flags/1x1/nr.svg]
[seantheme.com/color-admin-v3.0/admin/apple/assets/plugins/flag-icon/flags/4x3/nu.svg]
[seantheme.com/color-admin-v3.0/admin/apple/assets/plugins/flag-icon/flags/1x1/nu.svg]
[seantheme.com/color-admin-v3.0/admin/apple/assets/plugins/flag-icon/flags/4x3/nz.svg]
[seantheme.com/color-admin-v3.0/admin/apple/assets/plugins/flag-icon/flags/1x1/nz.svg]
[seantheme.com/color-admin-v3.0/admin/apple/assets/plugins/flag-icon/flags/4x3/om.svg]
[seantheme.com/color-admin-v3.0/admin/apple/assets/plugins/flag-icon/flags/1x1/om.svg]
[seantheme.com/color-admin-v3.0/admin/apple/assets/plugins/flag-icon/flags/4x3/pa.svg]
[seantheme.com/color-admin-v3.0/admin/apple/assets/plugins/flag-icon/flags/1x1/pa.svg]
[seantheme.com/color-admin-v3.0/admin/apple/assets/plugins/flag-icon/flags/4x3/pe.svg]
[seantheme.com/color-admin-v3.0/admin/apple/assets/plugins/flag-icon/flags/1x1/pe.svg]
[seantheme.com/color-admin-v3.0/admin/apple/assets/plugins/flag-icon/flags/4x3/pf.svg]
[seantheme.com/color-admin-v3.0/admin/apple/assets/plugins/flag-icon/flags/1x1/pf.svg]
[seantheme.com/color-admin-v3.0/admin/apple/assets/plugins/flag-icon/flags/4x3/pg.svg]
[seantheme.com/color-admin-v3.0/admin/apple/assets/plugins/flag-icon/flags/1x1/pg.svg]
[seantheme.com/color-admin-v3.0/admin/apple/assets/plugins/flag-icon/flags/4x3/ph.svg]
[seantheme.com/color-admin-v3.0/admin/apple/assets/plugins/flag-icon/flags/1x1/ph.svg]
[seantheme.com/color-admin-v3.0/admin/apple/assets/plugins/flag-icon/flags/4x3/pk.svg]
[seantheme.com/color-admin-v3.0/admin/apple/assets/plugins/flag-icon/flags/1x1/pk.svg]
[seantheme.com/color-admin-v3.0/admin/apple/assets/plugins/flag-icon/flags/4x3/pl.svg]
[seantheme.com/color-admin-v3.0/admin/apple/assets/plugins/flag-icon/flags/1x1/pl.svg]
[seantheme.com/color-admin-v3.0/admin/apple/assets/plugins/flag-icon/flags/4x3/pm.svg]
[seantheme.com/color-admin-v3.0/admin/apple/assets/plugins/flag-icon/flags/1x1/pm.svg]
[seantheme.com/color-admin-v3.0/admin/apple/assets/plugins/flag-icon/flags/4x3/pn.svg]
[seantheme.com/color-admin-v3.0/admin/apple/assets/plugins/flag-icon/flags/1x1/pn.svg]
[seantheme.com/color-admin-v3.0/admin/apple/assets/plugins/flag-icon/flags/4x3/pr.svg]
[seantheme.com/color-admin-v3.0/admin/apple/assets/plugins/flag-icon/flags/1x1/pr.svg]
[seantheme.com/color-admin-v3.0/admin/apple/assets/plugins/flag-icon/flags/4x3/ps.svg]
[seantheme.com/color-admin-v3.0/admin/apple/assets/plugins/flag-icon/flags/1x1/ps.svg]
[seantheme.com/color-admin-v3.0/admin/apple/assets/plugins/flag-icon/flags/4x3/pt.svg]
[seantheme.com/color-admin-v3.0/admin/apple/assets/plugins/flag-icon/flags/1x1/pt.svg]
[seantheme.com/color-admin-v3.0/admin/apple/assets/plugins/flag-icon/flags/4x3/pw.svg]
[seantheme.com/color-admin-v3.0/admin/apple/assets/plugins/flag-icon/flags/1x1/pw.svg]
[seantheme.com/color-admin-v3.0/admin/apple/assets/plugins/flag-icon/flags/4x3/py.svg]
[seantheme.com/color-admin-v3.0/admin/apple/assets/plugins/flag-icon/flags/1x1/py.svg]
[seantheme.com/color-admin-v3.0/admin/apple/assets/plugins/flag-icon/flags/4x3/qa.svg]
[seantheme.com/color-admin-v3.0/admin/apple/assets/plugins/flag-icon/flags/1x1/qa.svg]
[seantheme.com/color-admin-v3.0/admin/apple/assets/plugins/flag-icon/flags/4x3/re.svg]
[seantheme.com/color-admin-v3.0/admin/apple/assets/plugins/flag-icon/flags/1x1/re.svg]
[seantheme.com/color-admin-v3.0/admin/apple/assets/plugins/flag-icon/flags/4x3/ro.svg]
[seantheme.com/color-admin-v3.0/admin/apple/assets/plugins/flag-icon/flags/1x1/ro.svg]
[seantheme.com/color-admin-v3.0/admin/apple/assets/plugins/flag-icon/flags/4x3/rs.svg]
[seantheme.com/color-admin-v3.0/admin/apple/assets/plugins/flag-icon/flags/1x1/rs.svg]
[seantheme.com/color-admin-v3.0/admin/apple/assets/plugins/flag-icon/flags/4x3/ru.svg]
[seantheme.com/color-admin-v3.0/admin/apple/assets/plugins/flag-icon/flags/1x1/ru.svg]
[seantheme.com/color-admin-v3.0/admin/apple/assets/plugins/flag-icon/flags/4x3/rw.svg]
[seantheme.com/color-admin-v3.0/admin/apple/assets/plugins/flag-icon/flags/1x1/rw.svg]
[seantheme.com/color-admin-v3.0/admin/apple/assets/plugins/flag-icon/flags/4x3/sa.svg]
[seantheme.com/color-admin-v3.0/admin/apple/assets/plugins/flag-icon/flags/1x1/sa.svg]
[seantheme.com/color-admin-v3.0/admin/apple/assets/plugins/flag-icon/flags/4x3/sb.svg]
[seantheme.com/color-admin-v3.0/admin/apple/assets/plugins/flag-icon/flags/1x1/sb.svg]
[seantheme.com/color-admin-v3.0/admin/apple/assets/plugins/flag-icon/flags/4x3/sc.svg]
[seantheme.com/color-admin-v3.0/admin/apple/assets/plugins/flag-icon/flags/1x1/sc.svg]
[seantheme.com/color-admin-v3.0/admin/apple/assets/plugins/flag-icon/flags/4x3/sd.svg]
[seantheme.com/color-admin-v3.0/admin/apple/assets/plugins/flag-icon/flags/1x1/sd.svg]
[seantheme.com/color-admin-v3.0/admin/apple/assets/plugins/flag-icon/flags/4x3/se.svg]
[seantheme.com/color-admin-v3.0/admin/apple/assets/plugins/flag-icon/flags/1x1/se.svg]
[seantheme.com/color-admin-v3.0/admin/apple/assets/plugins/flag-icon/flags/4x3/sg.svg]
[seantheme.com/color-admin-v3.0/admin/apple/assets/plugins/flag-icon/flags/1x1/sg.svg]
[seantheme.com/color-admin-v3.0/admin/apple/assets/plugins/flag-icon/flags/4x3/sh.svg]
[seantheme.com/color-admin-v3.0/admin/apple/assets/plugins/flag-icon/flags/1x1/sh.svg]
[seantheme.com/color-admin-v3.0/admin/apple/assets/plugins/flag-icon/flags/4x3/si.svg]
[seantheme.com/color-admin-v3.0/admin/apple/assets/plugins/flag-icon/flags/1x1/si.svg]
[seantheme.com/color-admin-v3.0/admin/apple/assets/plugins/flag-icon/flags/4x3/sj.svg]
[seantheme.com/color-admin-v3.0/admin/apple/assets/plugins/flag-icon/flags/1x1/sj.svg]
[seantheme.com/color-admin-v3.0/admin/apple/assets/plugins/flag-icon/flags/4x3/sk.svg]
[seantheme.com/color-admin-v3.0/admin/apple/assets/plugins/flag-icon/flags/1x1/sk.svg]
[seantheme.com/color-admin-v3.0/admin/apple/assets/plugins/flag-icon/flags/4x3/sl.svg]
[seantheme.com/color-admin-v3.0/admin/apple/assets/plugins/flag-icon/flags/1x1/sl.svg]
[seantheme.com/color-admin-v3.0/admin/apple/assets/plugins/flag-icon/flags/4x3/sm.svg]
[seantheme.com/color-admin-v3.0/admin/apple/assets/plugins/flag-icon/flags/1x1/sm.svg]
[seantheme.com/color-admin-v3.0/admin/apple/assets/plugins/flag-icon/flags/4x3/sn.svg]
[seantheme.com/color-admin-v3.0/admin/apple/assets/plugins/flag-icon/flags/1x1/sn.svg]
[seantheme.com/color-admin-v3.0/admin/apple/assets/plugins/flag-icon/flags/4x3/so.svg]
[seantheme.com/color-admin-v3.0/admin/apple/assets/plugins/flag-icon/flags/1x1/so.svg]
[seantheme.com/color-admin-v3.0/admin/apple/assets/plugins/flag-icon/flags/4x3/sr.svg]
[seantheme.com/color-admin-v3.0/admin/apple/assets/plugins/flag-icon/flags/1x1/sr.svg]
[seantheme.com/color-admin-v3.0/admin/apple/assets/plugins/flag-icon/flags/4x3/ss.svg]
[seantheme.com/color-admin-v3.0/admin/apple/assets/plugins/flag-icon/flags/1x1/ss.svg]
[seantheme.com/color-admin-v3.0/admin/apple/assets/plugins/flag-icon/flags/4x3/st.svg]
[seantheme.com/color-admin-v3.0/admin/apple/assets/plugins/flag-icon/flags/1x1/st.svg]
[seantheme.com/color-admin-v3.0/admin/apple/assets/plugins/flag-icon/flags/4x3/sv.svg]
[seantheme.com/color-admin-v3.0/admin/apple/assets/plugins/flag-icon/flags/1x1/sv.svg]
[seantheme.com/color-admin-v3.0/admin/apple/assets/plugins/flag-icon/flags/4x3/sx.svg]
[seantheme.com/color-admin-v3.0/admin/apple/assets/plugins/flag-icon/flags/1x1/sx.svg]
[seantheme.com/color-admin-v3.0/admin/apple/assets/plugins/flag-icon/flags/4x3/sy.svg]
[seantheme.com/color-admin-v3.0/admin/apple/assets/plugins/flag-icon/flags/1x1/sy.svg]
[seantheme.com/color-admin-v3.0/admin/apple/assets/plugins/flag-icon/flags/4x3/sz.svg]
[seantheme.com/color-admin-v3.0/admin/apple/assets/plugins/flag-icon/flags/1x1/sz.svg]
[seantheme.com/color-admin-v3.0/admin/apple/assets/plugins/flag-icon/flags/4x3/tc.svg]
[seantheme.com/color-admin-v3.0/admin/apple/assets/plugins/flag-icon/flags/1x1/tc.svg]
[seantheme.com/color-admin-v3.0/admin/apple/assets/plugins/flag-icon/flags/4x3/td.svg]
[seantheme.com/color-admin-v3.0/admin/apple/assets/plugins/flag-icon/flags/1x1/td.svg]
[seantheme.com/color-admin-v3.0/admin/apple/assets/plugins/flag-icon/flags/4x3/tf.svg]
[seantheme.com/color-admin-v3.0/admin/apple/assets/plugins/flag-icon/flags/1x1/tf.svg]
[seantheme.com/color-admin-v3.0/admin/apple/assets/plugins/flag-icon/flags/4x3/tg.svg]
[seantheme.com/color-admin-v3.0/admin/apple/assets/plugins/flag-icon/flags/1x1/tg.svg]
[seantheme.com/color-admin-v3.0/admin/apple/assets/plugins/flag-icon/flags/4x3/th.svg]
[seantheme.com/color-admin-v3.0/admin/apple/assets/plugins/flag-icon/flags/1x1/th.svg]
[seantheme.com/color-admin-v3.0/admin/apple/assets/plugins/flag-icon/flags/4x3/tj.svg]
[seantheme.com/color-admin-v3.0/admin/apple/assets/plugins/flag-icon/flags/1x1/tj.svg]
[seantheme.com/color-admin-v3.0/admin/apple/assets/plugins/flag-icon/flags/4x3/tk.svg]
[seantheme.com/color-admin-v3.0/admin/apple/assets/plugins/flag-icon/flags/1x1/tk.svg]
[seantheme.com/color-admin-v3.0/admin/apple/assets/plugins/flag-icon/flags/4x3/tl.svg]
[seantheme.com/color-admin-v3.0/admin/apple/assets/plugins/flag-icon/flags/1x1/tl.svg]
[seantheme.com/color-admin-v3.0/admin/apple/assets/plugins/flag-icon/flags/4x3/tm.svg]
[seantheme.com/color-admin-v3.0/admin/apple/assets/plugins/flag-icon/flags/1x1/tm.svg]
[seantheme.com/color-admin-v3.0/admin/apple/assets/plugins/flag-icon/flags/4x3/tn.svg]
[seantheme.com/color-admin-v3.0/admin/apple/assets/plugins/flag-icon/flags/1x1/tn.svg]
[seantheme.com/color-admin-v3.0/admin/apple/assets/plugins/flag-icon/flags/4x3/to.svg]
[seantheme.com/color-admin-v3.0/admin/apple/assets/plugins/flag-icon/flags/1x1/to.svg]
[seantheme.com/color-admin-v3.0/admin/apple/assets/plugins/flag-icon/flags/4x3/tr.svg]
[seantheme.com/color-admin-v3.0/admin/apple/assets/plugins/flag-icon/flags/1x1/tr.svg]
[seantheme.com/color-admin-v3.0/admin/apple/assets/plugins/flag-icon/flags/4x3/tt.svg]
[seantheme.com/color-admin-v3.0/admin/apple/assets/plugins/flag-icon/flags/1x1/tt.svg]
[seantheme.com/color-admin-v3.0/admin/apple/assets/plugins/flag-icon/flags/4x3/tv.svg]
[seantheme.com/color-admin-v3.0/admin/apple/assets/plugins/flag-icon/flags/1x1/tv.svg]
[seantheme.com/color-admin-v3.0/admin/apple/assets/plugins/flag-icon/flags/4x3/tw.svg]
[seantheme.com/color-admin-v3.0/admin/apple/assets/plugins/flag-icon/flags/1x1/tw.svg]
[seantheme.com/color-admin-v3.0/admin/apple/assets/plugins/flag-icon/flags/4x3/tz.svg]
[seantheme.com/color-admin-v3.0/admin/apple/assets/plugins/flag-icon/flags/1x1/tz.svg]
[seantheme.com/color-admin-v3.0/admin/apple/assets/plugins/flag-icon/flags/4x3/ua.svg]
[seantheme.com/color-admin-v3.0/admin/apple/assets/plugins/flag-icon/flags/1x1/ua.svg]
[seantheme.com/color-admin-v3.0/admin/apple/assets/plugins/flag-icon/flags/4x3/ug.svg]
[seantheme.com/color-admin-v3.0/admin/apple/assets/plugins/flag-icon/flags/1x1/ug.svg]
[seantheme.com/color-admin-v3.0/admin/apple/assets/plugins/flag-icon/flags/4x3/um.svg]
[seantheme.com/color-admin-v3.0/admin/apple/assets/plugins/flag-icon/flags/1x1/um.svg]
[seantheme.com/color-admin-v3.0/admin/apple/assets/plugins/flag-icon/flags/4x3/us.svg]
[seantheme.com/color-admin-v3.0/admin/apple/assets/plugins/flag-icon/flags/1x1/us.svg]
[seantheme.com/color-admin-v3.0/admin/apple/assets/plugins/flag-icon/flags/4x3/uy.svg]
[seantheme.com/color-admin-v3.0/admin/apple/assets/plugins/flag-icon/flags/1x1/uy.svg]
[seantheme.com/color-admin-v3.0/admin/apple/assets/plugins/flag-icon/flags/4x3/uz.svg]
[seantheme.com/color-admin-v3.0/admin/apple/assets/plugins/flag-icon/flags/1x1/uz.svg]
[seantheme.com/color-admin-v3.0/admin/apple/assets/plugins/flag-icon/flags/4x3/va.svg]
[seantheme.com/color-admin-v3.0/admin/apple/assets/plugins/flag-icon/flags/1x1/va.svg]
[seantheme.com/color-admin-v3.0/admin/apple/assets/plugins/flag-icon/flags/4x3/vc.svg]
[seantheme.com/color-admin-v3.0/admin/apple/assets/plugins/flag-icon/flags/1x1/vc.svg]
[seantheme.com/color-admin-v3.0/admin/apple/assets/plugins/flag-icon/flags/4x3/ve.svg]
[seantheme.com/color-admin-v3.0/admin/apple/assets/plugins/flag-icon/flags/1x1/ve.svg]
[seantheme.com/color-admin-v3.0/admin/apple/assets/plugins/flag-icon/flags/4x3/vg.svg]
[seantheme.com/color-admin-v3.0/admin/apple/assets/plugins/flag-icon/flags/1x1/vg.svg]
[seantheme.com/color-admin-v3.0/admin/apple/assets/plugins/flag-icon/flags/4x3/vi.svg]
[seantheme.com/color-admin-v3.0/admin/apple/assets/plugins/flag-icon/flags/1x1/vi.svg]
[seantheme.com/color-admin-v3.0/admin/apple/assets/plugins/flag-icon/flags/4x3/vn.svg]
[seantheme.com/color-admin-v3.0/admin/apple/assets/plugins/flag-icon/flags/1x1/vn.svg]
[seantheme.com/color-admin-v3.0/admin/apple/assets/plugins/flag-icon/flags/4x3/vu.svg]
[seantheme.com/color-admin-v3.0/admin/apple/assets/plugins/flag-icon/flags/1x1/vu.svg]
[seantheme.com/color-admin-v3.0/admin/apple/assets/plugins/flag-icon/flags/4x3/wf.svg]
[seantheme.com/color-admin-v3.0/admin/apple/assets/plugins/flag-icon/flags/1x1/wf.svg]
[seantheme.com/color-admin-v3.0/admin/apple/assets/plugins/flag-icon/flags/4x3/ws.svg]
[seantheme.com/color-admin-v3.0/admin/apple/assets/plugins/flag-icon/flags/1x1/ws.svg]
[seantheme.com/color-admin-v3.0/admin/apple/assets/plugins/flag-icon/flags/4x3/ye.svg]
[seantheme.com/color-admin-v3.0/admin/apple/assets/plugins/flag-icon/flags/1x1/ye.svg]
[seantheme.com/color-admin-v3.0/admin/apple/assets/plugins/flag-icon/flags/4x3/yt.svg]
[seantheme.com/color-admin-v3.0/admin/apple/assets/plugins/flag-icon/flags/1x1/yt.svg]
[seantheme.com/color-admin-v3.0/admin/apple/assets/plugins/flag-icon/flags/4x3/za.svg]
[seantheme.com/color-admin-v3.0/admin/apple/assets/plugins/flag-icon/flags/1x1/za.svg]
[seantheme.com/color-admin-v3.0/admin/apple/assets/plugins/flag-icon/flags/4x3/zm.svg]
[seantheme.com/color-admin-v3.0/admin/apple/assets/plugins/flag-icon/flags/1x1/zm.svg]
[seantheme.com/color-admin-v3.0/admin/apple/assets/plugins/flag-icon/flags/4x3/zw.svg]
[seantheme.com/color-admin-v3.0/admin/apple/assets/plugins/flag-icon/flags/1x1/zw.svg]
[seantheme.com/color-admin-v3.0/admin/apple/assets/plugins/flag-icon/flags/4x3/eu.svg]
[seantheme.com/color-admin-v3.0/admin/apple/assets/plugins/flag-icon/flags/1x1/eu.svg]
[seantheme.com/color-admin-v3.0/admin/apple/assets/plugins/flag-icon/flags/4x3/gb-eng.svg]
[seantheme.com/color-admin-v3.0/admin/apple/assets/plugins/flag-icon/flags/1x1/gb-eng.svg]
[seantheme.com/color-admin-v3.0/admin/apple/assets/plugins/flag-icon/flags/4x3/gb-nir.svg]
[seantheme.com/color-admin-v3.0/admin/apple/assets/plugins/flag-icon/flags/1x1/gb-nir.svg]
[seantheme.com/color-admin-v3.0/admin/apple/assets/plugins/flag-icon/flags/4x3/gb-sct.svg]
[seantheme.com/color-admin-v3.0/admin/apple/assets/plugins/flag-icon/flags/1x1/gb-sct.svg]
[seantheme.com/color-admin-v3.0/admin/apple/assets/plugins/flag-icon/flags/4x3/gb-wls.svg]
[seantheme.com/color-admin-v3.0/admin/apple/assets/plugins/flag-icon/flags/1x1/gb-wls.svg]
[seantheme.com/color-admin-v3.0/admin/apple/assets/plugins/flag-icon/flags/4x3/un.svg]
[seantheme.com/color-admin-v3.0/admin/apple/assets/plugins/flag-icon/flags/1x1/un.svg]
[seantheme.com/color-admin-v3.0/admin/apple/assets/plugins/jquery-file-upload/img/error.html]
[seantheme.com/color-admin-v3.0/admin/apple/assets/plugins/jquery-file-upload/img/play-pause.html]
[seantheme.com/color-admin-v3.0/admin/apple/assets/plugins/jquery-file-upload/img/error-2.html]
[seantheme.com/color-admin-v3.0/admin/apple/assets/plugins/jquery-file-upload/img/play-pause-2.html]
[seantheme.com/color-admin-v3.0/admin/apple/assets/plugins/jquery-file-upload/img/video-play.html]
[seantheme.com/color-admin-v3.0/admin/apple/assets/plugins/jquery-file-upload/img/video-play-2.html]
